******************************************************************************
                  MSP430 Linker PC v18.1.2                     
******************************************************************************
>> Linked Mon Oct  1 16:46:11 2018

OUTPUT FILE NAME:   <MiniProjectCOMRW.out>
ENTRY POINT SYMBOL: "_c_int00_noargs"  address: 0000fb02


MEMORY CONFIGURATION

         name            origin    length      used     unused   attr    fill
----------------------  --------  ---------  --------  --------  ----  --------
  SFR                   00000000   00000010  00000000  00000010  RWIX
  PERIPHERALS_8BIT      00000010   000000f0  00000000  000000f0  RWIX
  PERIPHERALS_16BIT     00000100   00000100  00000000  00000100  RWIX
  RAM                   00000200   00000200  00000056  000001aa  RWIX
  INFOD                 00001000   00000040  00000000  00000040  RWIX
  INFOC                 00001040   00000040  00000000  00000040  RWIX
  INFOB                 00001080   00000040  00000000  00000040  RWIX
  INFOA                 000010c0   00000040  00000000  00000040  RWIX
  FLASH                 0000c000   00003fde  00003dc2  0000021c  RWIX
  BSLSIGNATURE          0000ffde   00000002  00000002  00000000  RWIX  ffff 
  INT00                 0000ffe0   00000002  00000002  00000000  RWIX
  INT01                 0000ffe2   00000002  00000000  00000002  RWIX
  INT02                 0000ffe4   00000002  00000002  00000000  RWIX
  INT03                 0000ffe6   00000002  00000002  00000000  RWIX
  INT04                 0000ffe8   00000002  00000000  00000002  RWIX
  INT05                 0000ffea   00000002  00000002  00000000  RWIX
  INT06                 0000ffec   00000002  00000002  00000000  RWIX
  INT07                 0000ffee   00000002  00000002  00000000  RWIX
  INT08                 0000fff0   00000002  00000002  00000000  RWIX
  INT09                 0000fff2   00000002  00000002  00000000  RWIX
  INT10                 0000fff4   00000002  00000002  00000000  RWIX
  INT11                 0000fff6   00000002  00000002  00000000  RWIX
  INT12                 0000fff8   00000002  00000002  00000000  RWIX
  INT13                 0000fffa   00000002  00000002  00000000  RWIX
  INT14                 0000fffc   00000002  00000002  00000000  RWIX
  RESET                 0000fffe   00000002  00000002  00000000  RWIX


SECTION ALLOCATION MAP

 output                                  attributes/
section   page    origin      length       input sections
--------  ----  ----------  ----------   ----------------
.data      0    00000200    00000006     UNINITIALIZED
                  00000200    00000004     main.obj (.data)
                  00000204    00000002     rts430_eabi.lib : errno.c.obj (.data)

.stack     0    000003b0    00000050     UNINITIALIZED
                  000003b0    00000002     rts430_eabi.lib : boot.c.obj (.stack)
                  000003b2    0000004e     --HOLE--

.text      0    0000c000    00003c7a     
                  0000c000    00000478     rts430_eabi.lib : frcdivd.c.obj (.text:__TI_frcdivd)
                  0000c478    00000360                     : div64u.c.obj (.text:__mspabi_divull)
                  0000c7d8    000002fa                     : addd.c.obj (.text:__mspabi_addd)
                  0000cad2    00000288                     : _printfi.c.obj (.text:__TI_printfi)
                  0000cd5a    00000286                     : frcmpyd.c.obj (.text:__TI_frcmpyd)
                  0000cfe0    0000026e                     : mpyd.c.obj (.text:__mspabi_mpyd)
                  0000d24e    00000260                     : frcaddd.c.obj (.text:__TI_frcaddd)
                  0000d4ae    00000252                     : _printfi.c.obj (.text:_setfield)
                  0000d700    00000244                     : _printfi.c.obj (.text:acvt)
                  0000d944    00000238                     : divd.c.obj (.text:__mspabi_divd)
                  0000db7c    00000224                     : _printfi.c.obj (.text:_pproc_fgea)
                  0000dda0    000001ec                     : _printfi.c.obj (.text:_getarg_diouxp)
                  0000df8c    000001de                     : _printfi.c.obj (.text:ecvt)
                  0000e16a    000001c4                     : _printfi.c.obj (.text:fcvt)
                  0000e32e    000001a6                     : _printfi.c.obj (.text:_pconv_e)
                  0000e4d4    00000196     main.obj (.text:USCI0RX_ISR)
                  0000e66a    00000174     rts430_eabi.lib : _printfi.c.obj (.text:_pconv_a)
                  0000e7de    0000016a                     : s_scalbn.c.obj (.text:scalbn)
                  0000e948    0000014c                     : _printfi.c.obj (.text:_pproc_diouxp)
                  0000ea94    0000012e                     : _printfi.c.obj (.text:_ltostr)
                  0000ebc2    000000f8                     : _printfi.c.obj (.text:_pconv_g)
                  0000ecba    000000f8                     : _printfi.c.obj (.text:_pproc_fwp)
                  0000edb2    000000dc                     : cmpd.c.obj (.text:__mspabi_cmpd)
                  0000ee8e    000000c4                     : _printfi.c.obj (.text:_pproc_wstr)
                  0000ef52    000000be                     : renormd.c.obj (.text:__TI_renormd)
                  0000f010    000000bc     main.obj (.text:main)
                  0000f0cc    000000b0     rts430_eabi.lib : s_frexp.c.obj (.text:frexp)
                  0000f17c    000000ac                     : fltlid.c.obj (.text:__mspabi_fltlid)
                  0000f228    000000ac                     : _printfi.c.obj (.text:_pproc_str)
                  0000f2d4    00000092                     : _printfi.c.obj (.text:_mcpy)
                  0000f366    0000008e                     : _printfi.c.obj (.text:_ecpy)
                  0000f3f4    00000084                     : ltoa.c.obj (.text:ltoa)
                  0000f478    0000007c                     : copy_decompress_lzss.c.obj (.text:decompress:lzss:__TI_decompress_lzss)
                  0000f4f4    0000007a                     : _printfi.c.obj (.text:_pconv_f)
                  0000f56e    00000072                     : cvtfd.c.obj (.text:__mspabi_cvtfd)
                  0000f5e0    00000072                     : fixdli.c.obj (.text:__mspabi_fixdli)
                  0000f652    0000005c                     : lsr32.asm.obj (.text:l_lsr_const)
                  0000f6ae    00000058                     : div32u.asm.obj (.text)
                  0000f706    00000052                     : atoi.c.obj (.text:atoi)
                  0000f758    0000004e                     : _printfi.c.obj (.text:_fcpy)
                  0000f7a6    0000004c                     : lsr16.asm.obj (.text)
                  0000f7f2    00000046                     : lsr64.c.obj (.text:__mspabi_srlll)
                  0000f838    00000044                     : lsl64.c.obj (.text:__mspabi_sllll)
                  0000f87c    00000042                     : autoinit.c.obj (.text:__TI_auto_init_nobinit_nopinit:__TI_auto_init_nobinit_nopinit)
                  0000f8be    00000040                     : div32s.asm.obj (.text)
                  0000f8fe    0000003e                     : asr32.asm.obj (.text:l_asr_const)
                  0000f93c    0000003e                     : lsl32.asm.obj (.text:l_lsl_const)
                  0000f97a    00000038                     : sprintf.c.obj (.text:sprintf)
                  0000f9b2    0000002e                     : subd.c.obj (.text:__mspabi_subd)
                  0000f9e0    0000002e                     : s_copysign.c.obj (.text:copysign)
                  0000fa0e    0000002c                     : asr16.asm.obj (.text)
                  0000fa3a    0000002c                     : lsl16.asm.obj (.text)
                  0000fa66    0000002a                     : negd.c.obj (.text:__mspabi_negd)
                  0000fa90    00000028                     : fixdi.c.obj (.text:__mspabi_fixdi)
                  0000fab8    00000026                     : mult32.asm.obj (.text)
                  0000fade    00000024     main.obj (.text:sendData)
                  0000fb02    0000001c     rts430_eabi.lib : boot.c.obj (.text:_c_int00_noargs)
                  0000fb1e    0000001a                     : sprintf.c.obj (.text:_outs)
                  0000fb38    0000001a                     : memccpy.c.obj (.text:memccpy)
                  0000fb52    0000001a                     : strchr.c.obj (.text:strchr)
                  0000fb6c    00000016                     : div16u.asm.obj (.text)
                  0000fb82    00000014                     : memset.c.obj (.text:memset)
                  0000fb96    00000014                     : mult16.asm.obj (.text)
                  0000fbaa    00000014                     : wcslen.c.obj (.text:wcslen)
                  0000fbbe    00000012                     : sprintf.c.obj (.text:_outc)
                  0000fbd0    00000012                     : copy_decompress_none.c.obj (.text:decompress:none:__TI_decompress_none)
                  0000fbe2    00000012                     : lsr32.asm.obj (.text:l_lsr)
                  0000fbf4    00000012                     : memcpy.c.obj (.text:memcpy)
                  0000fc06    00000010                     : asr32.asm.obj (.text:l_asr)
                  0000fc16    00000010                     : lsl32.asm.obj (.text:l_lsl)
                  0000fc26    00000010                     : epilog.asm.obj (.text)
                  0000fc36    0000000e                     : strlen.c.obj (.text:strlen)
                  0000fc44    0000000c                     : fltid.c.obj (.text:__mspabi_fltid)
                  0000fc50    0000000c                     : toupper.c.obj (.text:toupper)
                  0000fc5c    0000000a                     : abs.c.obj (.text:abs)
                  0000fc66    00000008                     : isr_trap.asm.obj (.text:_isr:__TI_ISR_TRAP)
                  0000fc6e    00000006                     : exit.c.obj (.text:abort)
                  0000fc74    00000004                     : pre_init.c.obj (.text:_system_pre_init)
                  0000fc78    00000002                     : startup.c.obj (.text:_system_post_cinit)

.const     0    0000fc7a    00000138     
                  0000fc7a    00000101     rts430_eabi.lib : ctype.c.obj (.const:.string:_ctypes_)
                  0000fd7b    00000001     --HOLE-- [fill = 0]
                  0000fd7c    00000026                     : _printfi.c.obj (.const:.string)
                  0000fda2    0000000e     main.obj (.const:.string)
                  0000fdb0    00000002     main.obj (.const:.string:$P$T0$1)

.cinit     0    0000fdb2    00000010     
                  0000fdb2    00000007     (.cinit..data.load) [load image, compression = lzss]
                  0000fdb9    00000001     --HOLE-- [fill = 0]
                  0000fdba    00000004     (__TI_handler_table)
                  0000fdbe    00000004     (__TI_cinit_table)

.binit     0    0000c000    00000000     

.init_array 
*          0    0000c000    00000000     UNINITIALIZED

TRAPINT    0    0000ffe0    00000002     
                  0000ffe0    00000002     rts430_eabi.lib : int00.asm.obj (.int00)

PORT1      0    0000ffe4    00000002     
                  0000ffe4    00000002     rts430_eabi.lib : int02.asm.obj (.int02)

PORT2      0    0000ffe6    00000002     
                  0000ffe6    00000002     rts430_eabi.lib : int03.asm.obj (.int03)

ADC10      0    0000ffea    00000002     
                  0000ffea    00000002     rts430_eabi.lib : int05.asm.obj (.int05)

USCIAB0TX 
*          0    0000ffec    00000002     
                  0000ffec    00000002     rts430_eabi.lib : int06.asm.obj (.int06)

USCIAB0RX 
*          0    0000ffee    00000002     
                  0000ffee    00000002     main.obj (.int07)

TIMER0_A1 
*          0    0000fff0    00000002     
                  0000fff0    00000002     rts430_eabi.lib : int08.asm.obj (.int08)

TIMER0_A0 
*          0    0000fff2    00000002     
                  0000fff2    00000002     rts430_eabi.lib : int09.asm.obj (.int09)

WDT        0    0000fff4    00000002     
                  0000fff4    00000002     rts430_eabi.lib : int10.asm.obj (.int10)

COMPARATORA 
*          0    0000fff6    00000002     
                  0000fff6    00000002     rts430_eabi.lib : int11.asm.obj (.int11)

TIMER1_A1 
*          0    0000fff8    00000002     
                  0000fff8    00000002     rts430_eabi.lib : int12.asm.obj (.int12)

TIMER1_A0 
*          0    0000fffa    00000002     
                  0000fffa    00000002     rts430_eabi.lib : int13.asm.obj (.int13)

NMI        0    0000fffc    00000002     
                  0000fffc    00000002     rts430_eabi.lib : int14.asm.obj (.int14)

.reset     0    0000fffe    00000002     
                  0000fffe    00000002     rts430_eabi.lib : boot.c.obj (.reset)

$fill000   0    0000ffde    00000002     
                  0000ffde    00000002     --HOLE-- [fill = ffff]

MODULE SUMMARY

       Module                       code    ro data   rw data
       ------                       ----    -------   -------
    .\
       main.obj                     630     18        4      
    +--+----------------------------+-------+---------+---------+
       Total:                       630     18        4      
                                                             
    C:\ti\ccsv8\tools\compiler\ti-cgt-msp430_18.1.2.LTS\lib\rts430_eabi.lib
       _printfi.c.obj               6572    38        0      
       frcdivd.c.obj                1144    0         0      
       div64u.c.obj                 864     0         0      
       addd.c.obj                   762     0         0      
       frcmpyd.c.obj                646     0         0      
       mpyd.c.obj                   622     0         0      
       frcaddd.c.obj                608     0         0      
       divd.c.obj                   568     0         0      
       s_scalbn.c.obj               362     0         0      
       ctype.c.obj                  0       257       0      
       cmpd.c.obj                   220     0         0      
       renormd.c.obj                190     0         0      
       s_frexp.c.obj                176     0         0      
       fltlid.c.obj                 172     0         0      
       ltoa.c.obj                   132     0         0      
       copy_decompress_lzss.c.obj   124     0         0      
       cvtfd.c.obj                  114     0         0      
       fixdli.c.obj                 114     0         0      
       lsr32.asm.obj                110     0         0      
       sprintf.c.obj                100     0         0      
       div32u.asm.obj               88      0         0      
       atoi.c.obj                   82      0         0      
       asr32.asm.obj                78      0         0      
       lsl32.asm.obj                78      0         0      
       lsr16.asm.obj                76      0         0      
       lsr64.c.obj                  70      0         0      
       lsl64.c.obj                  68      0         0      
       autoinit.c.obj               66      0         0      
       div32s.asm.obj               64      0         0      
       s_copysign.c.obj             46      0         0      
       subd.c.obj                   46      0         0      
       asr16.asm.obj                44      0         0      
       lsl16.asm.obj                44      0         0      
       negd.c.obj                   42      0         0      
       fixdi.c.obj                  40      0         0      
       mult32.asm.obj               38      0         0      
       boot.c.obj                   28      2         0      
       memccpy.c.obj                26      0         0      
       strchr.c.obj                 26      0         0      
       div16u.asm.obj               22      0         0      
       memset.c.obj                 20      0         0      
       mult16.asm.obj               20      0         0      
       wcslen.c.obj                 20      0         0      
       copy_decompress_none.c.obj   18      0         0      
       memcpy.c.obj                 18      0         0      
       epilog.asm.obj               16      0         0      
       strlen.c.obj                 14      0         0      
       fltid.c.obj                  12      0         0      
       toupper.c.obj                12      0         0      
       abs.c.obj                    10      0         0      
       isr_trap.asm.obj             8       0         0      
       exit.c.obj                   6       0         0      
       pre_init.c.obj               4       0         0      
       errno.c.obj                  0       0         2      
       int00.asm.obj                0       2         0      
       int02.asm.obj                0       2         0      
       int03.asm.obj                0       2         0      
       int05.asm.obj                0       2         0      
       int06.asm.obj                0       2         0      
       int08.asm.obj                0       2         0      
       int09.asm.obj                0       2         0      
       int10.asm.obj                0       2         0      
       int11.asm.obj                0       2         0      
       int12.asm.obj                0       2         0      
       int13.asm.obj                0       2         0      
       int14.asm.obj                0       2         0      
       startup.c.obj                2       0         0      
    +--+----------------------------+-------+---------+---------+
       Total:                       14852   321       2      
                                                             
       Stack:                       0       0         80     
       Linker Generated:            0       15        0      
    +--+----------------------------+-------+---------+---------+
       Grand Total:                 15482   354       86     


LINKER GENERATED COPY TABLES

__TI_cinit_table @ 0000fdbe records: 1, size/record: 4, table size: 4
	.data: load addr=0000fdb2, load size=00000007 bytes, run addr=00000200, run size=00000006 bytes, compression=lzss


LINKER GENERATED HANDLER TABLE

__TI_handler_table @ 0000fdba records: 2, size/record: 2, table size: 4
	index: 0, handler: __TI_decompress_lzss
	index: 1, handler: __TI_decompress_none


GLOBAL SYMBOLS: SORTED ALPHABETICALLY BY Name 

address   name                          
-------   ----                          
0000004a  ADC10AE0                      
000001b0  ADC10CTL0                     
000001b2  ADC10CTL1                     
00000048  ADC10DTC0                     
00000049  ADC10DTC1                     
000001b4  ADC10MEM                      
000001bc  ADC10SA                       
00000057  BCSCTL1                       
00000058  BCSCTL2                       
00000053  BCSCTL3                       
0000fc6e  C$$EXIT                       
00000059  CACTL1                        
0000005a  CACTL2                        
000010fb  CALBC1_12MHZ                  
000010f9  CALBC1_16MHZ                  
000010ff  CALBC1_1MHZ                   
000010fd  CALBC1_8MHZ                   
000010fa  CALDCO_12MHZ                  
000010f8  CALDCO_16MHZ                  
000010fe  CALDCO_1MHZ                   
000010fc  CALDCO_8MHZ                   
0000005b  CAPD                          
00000056  DCOCTL                        
00000128  FCTL1                         
0000012a  FCTL2                         
0000012c  FCTL3                         
00000000  IE1                           
00000001  IE2                           
00000002  IFG1                          
00000003  IFG2                          
00000022  P1DIR                         
00000025  P1IE                          
00000024  P1IES                         
00000023  P1IFG                         
00000020  P1IN                          
00000021  P1OUT                         
00000027  P1REN                         
00000026  P1SEL                         
00000041  P1SEL2                        
0000002a  P2DIR                         
0000002d  P2IE                          
0000002c  P2IES                         
0000002b  P2IFG                         
00000028  P2IN                          
00000029  P2OUT                         
0000002f  P2REN                         
0000002e  P2SEL                         
00000042  P2SEL2                        
0000001a  P3DIR                         
00000018  P3IN                          
00000019  P3OUT                         
00000010  P3REN                         
0000001b  P3SEL                         
00000043  P3SEL2                        
00000172  TA0CCR0                       
00000174  TA0CCR1                       
00000176  TA0CCR2                       
00000162  TA0CCTL0                      
00000164  TA0CCTL1                      
00000166  TA0CCTL2                      
00000160  TA0CTL                        
0000012e  TA0IV                         
00000170  TA0R                          
00000192  TA1CCR0                       
00000194  TA1CCR1                       
00000196  TA1CCR2                       
00000182  TA1CCTL0                      
00000184  TA1CCTL1                      
00000186  TA1CCTL2                      
00000180  TA1CTL                        
0000011e  TA1IV                         
00000190  TA1R                          
000010db  TLV_ADC10_1_LEN               
000010da  TLV_ADC10_1_TAG               
000010c0  TLV_CHECKSUM                  
000010f7  TLV_DCO_30_LEN                
000010f6  TLV_DCO_30_TAG                
0000005d  UCA0ABCTL                     
00000062  UCA0BR0                       
00000063  UCA0BR1                       
00000060  UCA0CTL0                      
00000061  UCA0CTL1                      
0000005f  UCA0IRRCTL                    
0000005e  UCA0IRTCTL                    
00000064  UCA0MCTL                      
00000066  UCA0RXBUF                     
00000065  UCA0STAT                      
00000067  UCA0TXBUF                     
0000006a  UCB0BR0                       
0000006b  UCB0BR1                       
00000068  UCB0CTL0                      
00000069  UCB0CTL1                      
0000006c  UCB0I2CIE                     
00000118  UCB0I2COA                     
0000011a  UCB0I2CSA                     
0000006e  UCB0RXBUF                     
0000006d  UCB0STAT                      
0000006f  UCB0TXBUF                     
0000e4d4  USCI0RX_ISR                   
00000120  WDTCTL                        
00000400  __STACK_END                   
00000050  __STACK_SIZE                  
0000fdbe  __TI_CINIT_Base               
0000fdc2  __TI_CINIT_Limit              
0000fdba  __TI_Handler_Table_Base       
0000fdbe  __TI_Handler_Table_Limit      
0000fc66  __TI_ISR_TRAP                 
0000f87c  __TI_auto_init_nobinit_nopinit
0000f478  __TI_decompress_lzss          
0000fbd0  __TI_decompress_none          
0000d24e  __TI_frcaddd                  
0000c000  __TI_frcdivd                  
0000cd5a  __TI_frcmpyd                  
0000ffe0  __TI_int00                    
0000ffe4  __TI_int02                    
0000ffe6  __TI_int03                    
0000ffea  __TI_int05                    
0000ffec  __TI_int06                    
0000ffee  __TI_int07                    
0000fff0  __TI_int08                    
0000fff2  __TI_int09                    
0000fff4  __TI_int10                    
0000fff6  __TI_int11                    
0000fff8  __TI_int12                    
0000fffa  __TI_int13                    
0000fffc  __TI_int14                    
ffffffff  __TI_pprof_out_hndl           
0000cad2  __TI_printfi                  
ffffffff  __TI_prof_data_size           
ffffffff  __TI_prof_data_start          
0000ef52  __TI_renormd                  
ffffffff  __c_args__                    
0000c7d8  __mspabi_addd                 
0000edb2  __mspabi_cmpd                 
0000f56e  __mspabi_cvtfd                
0000d944  __mspabi_divd                 
0000f8be  __mspabi_divli                
0000fb6c  __mspabi_divu                 
0000f6ae  __mspabi_divul                
0000c478  __mspabi_divull               
0000fa90  __mspabi_fixdi                
0000f5e0  __mspabi_fixdli               
0000fc44  __mspabi_fltid                
0000f17c  __mspabi_fltlid               
0000fc32  __mspabi_func_epilog_1        
0000fc30  __mspabi_func_epilog_2        
0000fc2e  __mspabi_func_epilog_3        
0000fc2c  __mspabi_func_epilog_4        
0000fc2a  __mspabi_func_epilog_5        
0000fc28  __mspabi_func_epilog_6        
0000fc26  __mspabi_func_epilog_7        
0000cfe0  __mspabi_mpyd                 
0000fb96  __mspabi_mpyi                 
0000fb96  __mspabi_mpyi_sw              
0000fab8  __mspabi_mpyl                 
0000fab8  __mspabi_mpyl_sw              
0000fa66  __mspabi_negd                 
0000f8be  __mspabi_remli                
0000fb6c  __mspabi_remu                 
0000f6ae  __mspabi_remul                
0000fa3a  __mspabi_slli                 
0000fa62  __mspabi_slli_1               
0000fa50  __mspabi_slli_10              
0000fa4e  __mspabi_slli_11              
0000fa4c  __mspabi_slli_12              
0000fa4a  __mspabi_slli_13              
0000fa48  __mspabi_slli_14              
0000fa46  __mspabi_slli_15              
0000fa60  __mspabi_slli_2               
0000fa5e  __mspabi_slli_3               
0000fa5c  __mspabi_slli_4               
0000fa5a  __mspabi_slli_5               
0000fa58  __mspabi_slli_6               
0000fa56  __mspabi_slli_7               
0000fa54  __mspabi_slli_8               
0000fa52  __mspabi_slli_9               
0000fc16  __mspabi_slll                 
0000f974  __mspabi_slll_1               
0000f950  __mspabi_slll_10              
0000f94c  __mspabi_slll_11              
0000f948  __mspabi_slll_12              
0000f944  __mspabi_slll_13              
0000f940  __mspabi_slll_14              
0000f93c  __mspabi_slll_15              
0000f970  __mspabi_slll_2               
0000f96c  __mspabi_slll_3               
0000f968  __mspabi_slll_4               
0000f964  __mspabi_slll_5               
0000f960  __mspabi_slll_6               
0000f95c  __mspabi_slll_7               
0000f958  __mspabi_slll_8               
0000f954  __mspabi_slll_9               
0000f838  __mspabi_sllll                
0000fa0e  __mspabi_srai                 
0000fa36  __mspabi_srai_1               
0000fa24  __mspabi_srai_10              
0000fa22  __mspabi_srai_11              
0000fa20  __mspabi_srai_12              
0000fa1e  __mspabi_srai_13              
0000fa1c  __mspabi_srai_14              
0000fa1a  __mspabi_srai_15              
0000fa34  __mspabi_srai_2               
0000fa32  __mspabi_srai_3               
0000fa30  __mspabi_srai_4               
0000fa2e  __mspabi_srai_5               
0000fa2c  __mspabi_srai_6               
0000fa2a  __mspabi_srai_7               
0000fa28  __mspabi_srai_8               
0000fa26  __mspabi_srai_9               
0000fc06  __mspabi_sral                 
0000f936  __mspabi_sral_1               
0000f912  __mspabi_sral_10              
0000f90e  __mspabi_sral_11              
0000f90a  __mspabi_sral_12              
0000f906  __mspabi_sral_13              
0000f902  __mspabi_sral_14              
0000f8fe  __mspabi_sral_15              
0000f932  __mspabi_sral_2               
0000f92e  __mspabi_sral_3               
0000f92a  __mspabi_sral_4               
0000f926  __mspabi_sral_5               
0000f922  __mspabi_sral_6               
0000f91e  __mspabi_sral_7               
0000f91a  __mspabi_sral_8               
0000f916  __mspabi_sral_9               
0000f7a6  __mspabi_srli                 
0000f7ec  __mspabi_srli_1               
0000f7c8  __mspabi_srli_10              
0000f7c4  __mspabi_srli_11              
0000f7c0  __mspabi_srli_12              
0000f7bc  __mspabi_srli_13              
0000f7b8  __mspabi_srli_14              
0000f7b4  __mspabi_srli_15              
0000f7e8  __mspabi_srli_2               
0000f7e4  __mspabi_srli_3               
0000f7e0  __mspabi_srli_4               
0000f7dc  __mspabi_srli_5               
0000f7d8  __mspabi_srli_6               
0000f7d4  __mspabi_srli_7               
0000f7d0  __mspabi_srli_8               
0000f7cc  __mspabi_srli_9               
0000fbe2  __mspabi_srll                 
0000f6a6  __mspabi_srll_1               
0000f670  __mspabi_srll_10              
0000f66a  __mspabi_srll_11              
0000f664  __mspabi_srll_12              
0000f65e  __mspabi_srll_13              
0000f658  __mspabi_srll_14              
0000f652  __mspabi_srll_15              
0000f6a0  __mspabi_srll_2               
0000f69a  __mspabi_srll_3               
0000f694  __mspabi_srll_4               
0000f68e  __mspabi_srll_5               
0000f688  __mspabi_srll_6               
0000f682  __mspabi_srll_7               
0000f67c  __mspabi_srll_8               
0000f676  __mspabi_srll_9               
0000f7f2  __mspabi_srlll                
0000f9b2  __mspabi_subd                 
0000fb02  _c_int00_noargs               
0000fc7a  _ctypes_                      
0000fffe  _reset_vector                 
000003b0  _stack                        
0000fc78  _system_post_cinit            
0000fc74  _system_pre_init              
0000fc6e  abort                         
0000fc5c  abs                           
0000f706  atoi                          
0000f9e0  copysign                      
0000f9e0  copysignl                     
00000204  errno                         
0000f0cc  frexp                         
0000f0cc  frexpl                        
00000200  i                             
0000e7de  ldexp                         
0000e7de  ldexpl                        
0000f3f4  ltoa                          
0000f010  main                          
0000fb38  memccpy                       
0000fbf4  memcpy                        
0000fb82  memset                        
0000e7de  scalbn                        
0000e7de  scalbnl                       
0000fade  sendData                      
0000f97a  sprintf                       
0000fb52  strchr                        
0000fc36  strlen                        
0000fc50  toupper                       
0000fbaa  wcslen                        


GLOBAL SYMBOLS: SORTED BY Symbol Address 

address   name                          
-------   ----                          
00000000  IE1                           
00000001  IE2                           
00000002  IFG1                          
00000003  IFG2                          
00000010  P3REN                         
00000018  P3IN                          
00000019  P3OUT                         
0000001a  P3DIR                         
0000001b  P3SEL                         
00000020  P1IN                          
00000021  P1OUT                         
00000022  P1DIR                         
00000023  P1IFG                         
00000024  P1IES                         
00000025  P1IE                          
00000026  P1SEL                         
00000027  P1REN                         
00000028  P2IN                          
00000029  P2OUT                         
0000002a  P2DIR                         
0000002b  P2IFG                         
0000002c  P2IES                         
0000002d  P2IE                          
0000002e  P2SEL                         
0000002f  P2REN                         
00000041  P1SEL2                        
00000042  P2SEL2                        
00000043  P3SEL2                        
00000048  ADC10DTC0                     
00000049  ADC10DTC1                     
0000004a  ADC10AE0                      
00000050  __STACK_SIZE                  
00000053  BCSCTL3                       
00000056  DCOCTL                        
00000057  BCSCTL1                       
00000058  BCSCTL2                       
00000059  CACTL1                        
0000005a  CACTL2                        
0000005b  CAPD                          
0000005d  UCA0ABCTL                     
0000005e  UCA0IRTCTL                    
0000005f  UCA0IRRCTL                    
00000060  UCA0CTL0                      
00000061  UCA0CTL1                      
00000062  UCA0BR0                       
00000063  UCA0BR1                       
00000064  UCA0MCTL                      
00000065  UCA0STAT                      
00000066  UCA0RXBUF                     
00000067  UCA0TXBUF                     
00000068  UCB0CTL0                      
00000069  UCB0CTL1                      
0000006a  UCB0BR0                       
0000006b  UCB0BR1                       
0000006c  UCB0I2CIE                     
0000006d  UCB0STAT                      
0000006e  UCB0RXBUF                     
0000006f  UCB0TXBUF                     
00000118  UCB0I2COA                     
0000011a  UCB0I2CSA                     
0000011e  TA1IV                         
00000120  WDTCTL                        
00000128  FCTL1                         
0000012a  FCTL2                         
0000012c  FCTL3                         
0000012e  TA0IV                         
00000160  TA0CTL                        
00000162  TA0CCTL0                      
00000164  TA0CCTL1                      
00000166  TA0CCTL2                      
00000170  TA0R                          
00000172  TA0CCR0                       
00000174  TA0CCR1                       
00000176  TA0CCR2                       
00000180  TA1CTL                        
00000182  TA1CCTL0                      
00000184  TA1CCTL1                      
00000186  TA1CCTL2                      
00000190  TA1R                          
00000192  TA1CCR0                       
00000194  TA1CCR1                       
00000196  TA1CCR2                       
000001b0  ADC10CTL0                     
000001b2  ADC10CTL1                     
000001b4  ADC10MEM                      
000001bc  ADC10SA                       
00000200  i                             
00000204  errno                         
000003b0  _stack                        
00000400  __STACK_END                   
000010c0  TLV_CHECKSUM                  
000010da  TLV_ADC10_1_TAG               
000010db  TLV_ADC10_1_LEN               
000010f6  TLV_DCO_30_TAG                
000010f7  TLV_DCO_30_LEN                
000010f8  CALDCO_16MHZ                  
000010f9  CALBC1_16MHZ                  
000010fa  CALDCO_12MHZ                  
000010fb  CALBC1_12MHZ                  
000010fc  CALDCO_8MHZ                   
000010fd  CALBC1_8MHZ                   
000010fe  CALDCO_1MHZ                   
000010ff  CALBC1_1MHZ                   
0000c000  __TI_frcdivd                  
0000c478  __mspabi_divull               
0000c7d8  __mspabi_addd                 
0000cad2  __TI_printfi                  
0000cd5a  __TI_frcmpyd                  
0000cfe0  __mspabi_mpyd                 
0000d24e  __TI_frcaddd                  
0000d944  __mspabi_divd                 
0000e4d4  USCI0RX_ISR                   
0000e7de  ldexp                         
0000e7de  ldexpl                        
0000e7de  scalbn                        
0000e7de  scalbnl                       
0000edb2  __mspabi_cmpd                 
0000ef52  __TI_renormd                  
0000f010  main                          
0000f0cc  frexp                         
0000f0cc  frexpl                        
0000f17c  __mspabi_fltlid               
0000f3f4  ltoa                          
0000f478  __TI_decompress_lzss          
0000f56e  __mspabi_cvtfd                
0000f5e0  __mspabi_fixdli               
0000f652  __mspabi_srll_15              
0000f658  __mspabi_srll_14              
0000f65e  __mspabi_srll_13              
0000f664  __mspabi_srll_12              
0000f66a  __mspabi_srll_11              
0000f670  __mspabi_srll_10              
0000f676  __mspabi_srll_9               
0000f67c  __mspabi_srll_8               
0000f682  __mspabi_srll_7               
0000f688  __mspabi_srll_6               
0000f68e  __mspabi_srll_5               
0000f694  __mspabi_srll_4               
0000f69a  __mspabi_srll_3               
0000f6a0  __mspabi_srll_2               
0000f6a6  __mspabi_srll_1               
0000f6ae  __mspabi_divul                
0000f6ae  __mspabi_remul                
0000f706  atoi                          
0000f7a6  __mspabi_srli                 
0000f7b4  __mspabi_srli_15              
0000f7b8  __mspabi_srli_14              
0000f7bc  __mspabi_srli_13              
0000f7c0  __mspabi_srli_12              
0000f7c4  __mspabi_srli_11              
0000f7c8  __mspabi_srli_10              
0000f7cc  __mspabi_srli_9               
0000f7d0  __mspabi_srli_8               
0000f7d4  __mspabi_srli_7               
0000f7d8  __mspabi_srli_6               
0000f7dc  __mspabi_srli_5               
0000f7e0  __mspabi_srli_4               
0000f7e4  __mspabi_srli_3               
0000f7e8  __mspabi_srli_2               
0000f7ec  __mspabi_srli_1               
0000f7f2  __mspabi_srlll                
0000f838  __mspabi_sllll                
0000f87c  __TI_auto_init_nobinit_nopinit
0000f8be  __mspabi_divli                
0000f8be  __mspabi_remli                
0000f8fe  __mspabi_sral_15              
0000f902  __mspabi_sral_14              
0000f906  __mspabi_sral_13              
0000f90a  __mspabi_sral_12              
0000f90e  __mspabi_sral_11              
0000f912  __mspabi_sral_10              
0000f916  __mspabi_sral_9               
0000f91a  __mspabi_sral_8               
0000f91e  __mspabi_sral_7               
0000f922  __mspabi_sral_6               
0000f926  __mspabi_sral_5               
0000f92a  __mspabi_sral_4               
0000f92e  __mspabi_sral_3               
0000f932  __mspabi_sral_2               
0000f936  __mspabi_sral_1               
0000f93c  __mspabi_slll_15              
0000f940  __mspabi_slll_14              
0000f944  __mspabi_slll_13              
0000f948  __mspabi_slll_12              
0000f94c  __mspabi_slll_11              
0000f950  __mspabi_slll_10              
0000f954  __mspabi_slll_9               
0000f958  __mspabi_slll_8               
0000f95c  __mspabi_slll_7               
0000f960  __mspabi_slll_6               
0000f964  __mspabi_slll_5               
0000f968  __mspabi_slll_4               
0000f96c  __mspabi_slll_3               
0000f970  __mspabi_slll_2               
0000f974  __mspabi_slll_1               
0000f97a  sprintf                       
0000f9b2  __mspabi_subd                 
0000f9e0  copysign                      
0000f9e0  copysignl                     
0000fa0e  __mspabi_srai                 
0000fa1a  __mspabi_srai_15              
0000fa1c  __mspabi_srai_14              
0000fa1e  __mspabi_srai_13              
0000fa20  __mspabi_srai_12              
0000fa22  __mspabi_srai_11              
0000fa24  __mspabi_srai_10              
0000fa26  __mspabi_srai_9               
0000fa28  __mspabi_srai_8               
0000fa2a  __mspabi_srai_7               
0000fa2c  __mspabi_srai_6               
0000fa2e  __mspabi_srai_5               
0000fa30  __mspabi_srai_4               
0000fa32  __mspabi_srai_3               
0000fa34  __mspabi_srai_2               
0000fa36  __mspabi_srai_1               
0000fa3a  __mspabi_slli                 
0000fa46  __mspabi_slli_15              
0000fa48  __mspabi_slli_14              
0000fa4a  __mspabi_slli_13              
0000fa4c  __mspabi_slli_12              
0000fa4e  __mspabi_slli_11              
0000fa50  __mspabi_slli_10              
0000fa52  __mspabi_slli_9               
0000fa54  __mspabi_slli_8               
0000fa56  __mspabi_slli_7               
0000fa58  __mspabi_slli_6               
0000fa5a  __mspabi_slli_5               
0000fa5c  __mspabi_slli_4               
0000fa5e  __mspabi_slli_3               
0000fa60  __mspabi_slli_2               
0000fa62  __mspabi_slli_1               
0000fa66  __mspabi_negd                 
0000fa90  __mspabi_fixdi                
0000fab8  __mspabi_mpyl                 
0000fab8  __mspabi_mpyl_sw              
0000fade  sendData                      
0000fb02  _c_int00_noargs               
0000fb38  memccpy                       
0000fb52  strchr                        
0000fb6c  __mspabi_divu                 
0000fb6c  __mspabi_remu                 
0000fb82  memset                        
0000fb96  __mspabi_mpyi                 
0000fb96  __mspabi_mpyi_sw              
0000fbaa  wcslen                        
0000fbd0  __TI_decompress_none          
0000fbe2  __mspabi_srll                 
0000fbf4  memcpy                        
0000fc06  __mspabi_sral                 
0000fc16  __mspabi_slll                 
0000fc26  __mspabi_func_epilog_7        
0000fc28  __mspabi_func_epilog_6        
0000fc2a  __mspabi_func_epilog_5        
0000fc2c  __mspabi_func_epilog_4        
0000fc2e  __mspabi_func_epilog_3        
0000fc30  __mspabi_func_epilog_2        
0000fc32  __mspabi_func_epilog_1        
0000fc36  strlen                        
0000fc44  __mspabi_fltid                
0000fc50  toupper                       
0000fc5c  abs                           
0000fc66  __TI_ISR_TRAP                 
0000fc6e  C$$EXIT                       
0000fc6e  abort                         
0000fc74  _system_pre_init              
0000fc78  _system_post_cinit            
0000fc7a  _ctypes_                      
0000fdba  __TI_Handler_Table_Base       
0000fdbe  __TI_CINIT_Base               
0000fdbe  __TI_Handler_Table_Limit      
0000fdc2  __TI_CINIT_Limit              
0000ffe0  __TI_int00                    
0000ffe4  __TI_int02                    
0000ffe6  __TI_int03                    
0000ffea  __TI_int05                    
0000ffec  __TI_int06                    
0000ffee  __TI_int07                    
0000fff0  __TI_int08                    
0000fff2  __TI_int09                    
0000fff4  __TI_int10                    
0000fff6  __TI_int11                    
0000fff8  __TI_int12                    
0000fffa  __TI_int13                    
0000fffc  __TI_int14                    
0000fffe  _reset_vector                 
ffffffff  __TI_pprof_out_hndl           
ffffffff  __TI_prof_data_size           
ffffffff  __TI_prof_data_start          
ffffffff  __c_args__                    

[289 symbols]
