<?xml version="1.0" encoding="ISO-8859-1" ?>
<link_info>
   <banner>MSP430 Linker PC v18.1.2.LTS</banner>
   <copyright>Copyright (c) 2003-2017 Texas Instruments Incorporated</copyright>
   <link_time>0x5bb295a3</link_time>
   <link_errors>0x0</link_errors>
   <output_file>MiniProjectCOMRW.out</output_file>
   <entry_point>
      <name>_c_int00_noargs</name>
      <address>0xfb02</address>
   </entry_point>
   <input_file_list>
      <input_file id="fl-2">
         <path>.\</path>
         <kind>object</kind>
         <file>main.obj</file>
         <name>main.obj</name>
      </input_file>
      <input_file id="fl-7">
         <kind>object</kind>
         <file>&lt;internal&gt;</file>
         <name>&lt;internal&gt;</name>
      </input_file>
      <input_file id="fl-1d">
         <path>C:\ti\ccsv8\tools\compiler\ti-cgt-msp430_18.1.2.LTS\lib\</path>
         <kind>archive</kind>
         <file>rts430_eabi.lib</file>
         <name>epilog.asm.obj</name>
      </input_file>
      <input_file id="fl-1e">
         <path>C:\ti\ccsv8\tools\compiler\ti-cgt-msp430_18.1.2.LTS\lib\</path>
         <kind>archive</kind>
         <file>rts430_eabi.lib</file>
         <name>int00.asm.obj</name>
      </input_file>
      <input_file id="fl-1f">
         <path>C:\ti\ccsv8\tools\compiler\ti-cgt-msp430_18.1.2.LTS\lib\</path>
         <kind>archive</kind>
         <file>rts430_eabi.lib</file>
         <name>int02.asm.obj</name>
      </input_file>
      <input_file id="fl-20">
         <path>C:\ti\ccsv8\tools\compiler\ti-cgt-msp430_18.1.2.LTS\lib\</path>
         <kind>archive</kind>
         <file>rts430_eabi.lib</file>
         <name>int03.asm.obj</name>
      </input_file>
      <input_file id="fl-21">
         <path>C:\ti\ccsv8\tools\compiler\ti-cgt-msp430_18.1.2.LTS\lib\</path>
         <kind>archive</kind>
         <file>rts430_eabi.lib</file>
         <name>int05.asm.obj</name>
      </input_file>
      <input_file id="fl-22">
         <path>C:\ti\ccsv8\tools\compiler\ti-cgt-msp430_18.1.2.LTS\lib\</path>
         <kind>archive</kind>
         <file>rts430_eabi.lib</file>
         <name>int06.asm.obj</name>
      </input_file>
      <input_file id="fl-23">
         <path>C:\ti\ccsv8\tools\compiler\ti-cgt-msp430_18.1.2.LTS\lib\</path>
         <kind>archive</kind>
         <file>rts430_eabi.lib</file>
         <name>int08.asm.obj</name>
      </input_file>
      <input_file id="fl-24">
         <path>C:\ti\ccsv8\tools\compiler\ti-cgt-msp430_18.1.2.LTS\lib\</path>
         <kind>archive</kind>
         <file>rts430_eabi.lib</file>
         <name>int09.asm.obj</name>
      </input_file>
      <input_file id="fl-25">
         <path>C:\ti\ccsv8\tools\compiler\ti-cgt-msp430_18.1.2.LTS\lib\</path>
         <kind>archive</kind>
         <file>rts430_eabi.lib</file>
         <name>int10.asm.obj</name>
      </input_file>
      <input_file id="fl-26">
         <path>C:\ti\ccsv8\tools\compiler\ti-cgt-msp430_18.1.2.LTS\lib\</path>
         <kind>archive</kind>
         <file>rts430_eabi.lib</file>
         <name>int11.asm.obj</name>
      </input_file>
      <input_file id="fl-27">
         <path>C:\ti\ccsv8\tools\compiler\ti-cgt-msp430_18.1.2.LTS\lib\</path>
         <kind>archive</kind>
         <file>rts430_eabi.lib</file>
         <name>int12.asm.obj</name>
      </input_file>
      <input_file id="fl-28">
         <path>C:\ti\ccsv8\tools\compiler\ti-cgt-msp430_18.1.2.LTS\lib\</path>
         <kind>archive</kind>
         <file>rts430_eabi.lib</file>
         <name>int13.asm.obj</name>
      </input_file>
      <input_file id="fl-29">
         <path>C:\ti\ccsv8\tools\compiler\ti-cgt-msp430_18.1.2.LTS\lib\</path>
         <kind>archive</kind>
         <file>rts430_eabi.lib</file>
         <name>int14.asm.obj</name>
      </input_file>
      <input_file id="fl-2a">
         <path>C:\ti\ccsv8\tools\compiler\ti-cgt-msp430_18.1.2.LTS\lib\</path>
         <kind>archive</kind>
         <file>rts430_eabi.lib</file>
         <name>isr_trap.asm.obj</name>
      </input_file>
      <input_file id="fl-2b">
         <path>C:\ti\ccsv8\tools\compiler\ti-cgt-msp430_18.1.2.LTS\lib\</path>
         <kind>archive</kind>
         <file>rts430_eabi.lib</file>
         <name>lsr16.asm.obj</name>
      </input_file>
      <input_file id="fl-2c">
         <path>C:\ti\ccsv8\tools\compiler\ti-cgt-msp430_18.1.2.LTS\lib\</path>
         <kind>archive</kind>
         <file>rts430_eabi.lib</file>
         <name>boot.c.obj</name>
      </input_file>
      <input_file id="fl-2d">
         <path>C:\ti\ccsv8\tools\compiler\ti-cgt-msp430_18.1.2.LTS\lib\</path>
         <kind>archive</kind>
         <file>rts430_eabi.lib</file>
         <name>autoinit.c.obj</name>
      </input_file>
      <input_file id="fl-2e">
         <path>C:\ti\ccsv8\tools\compiler\ti-cgt-msp430_18.1.2.LTS\lib\</path>
         <kind>archive</kind>
         <file>rts430_eabi.lib</file>
         <name>copy_zero_init.c.obj</name>
      </input_file>
      <input_file id="fl-2f">
         <path>C:\ti\ccsv8\tools\compiler\ti-cgt-msp430_18.1.2.LTS\lib\</path>
         <kind>archive</kind>
         <file>rts430_eabi.lib</file>
         <name>cpy_tbl.c.obj</name>
      </input_file>
      <input_file id="fl-30">
         <path>C:\ti\ccsv8\tools\compiler\ti-cgt-msp430_18.1.2.LTS\lib\</path>
         <kind>archive</kind>
         <file>rts430_eabi.lib</file>
         <name>mpu_init.c.obj</name>
      </input_file>
      <input_file id="fl-31">
         <path>C:\ti\ccsv8\tools\compiler\ti-cgt-msp430_18.1.2.LTS\lib\</path>
         <kind>archive</kind>
         <file>rts430_eabi.lib</file>
         <name>lsr64.c.obj</name>
      </input_file>
      <input_file id="fl-32">
         <path>C:\ti\ccsv8\tools\compiler\ti-cgt-msp430_18.1.2.LTS\lib\</path>
         <kind>archive</kind>
         <file>rts430_eabi.lib</file>
         <name>pre_init.c.obj</name>
      </input_file>
      <input_file id="fl-33">
         <path>C:\ti\ccsv8\tools\compiler\ti-cgt-msp430_18.1.2.LTS\lib\</path>
         <kind>archive</kind>
         <file>rts430_eabi.lib</file>
         <name>startup.c.obj</name>
      </input_file>
      <input_file id="fl-34">
         <path>C:\ti\ccsv8\tools\compiler\ti-cgt-msp430_18.1.2.LTS\lib\</path>
         <kind>archive</kind>
         <file>rts430_eabi.lib</file>
         <name>copy_decompress_none.c.obj</name>
      </input_file>
      <input_file id="fl-35">
         <path>C:\ti\ccsv8\tools\compiler\ti-cgt-msp430_18.1.2.LTS\lib\</path>
         <kind>archive</kind>
         <file>rts430_eabi.lib</file>
         <name>copy_decompress_lzss.c.obj</name>
      </input_file>
      <input_file id="fl-36">
         <path>C:\ti\ccsv8\tools\compiler\ti-cgt-msp430_18.1.2.LTS\lib\</path>
         <kind>archive</kind>
         <file>rts430_eabi.lib</file>
         <name>cvtfd.c.obj</name>
      </input_file>
      <input_file id="fl-37">
         <path>C:\ti\ccsv8\tools\compiler\ti-cgt-msp430_18.1.2.LTS\lib\</path>
         <kind>archive</kind>
         <file>rts430_eabi.lib</file>
         <name>exit.c.obj</name>
      </input_file>
      <input_file id="fl-38">
         <path>C:\ti\ccsv8\tools\compiler\ti-cgt-msp430_18.1.2.LTS\lib\</path>
         <kind>archive</kind>
         <file>rts430_eabi.lib</file>
         <name>_lock.c.obj</name>
      </input_file>
      <input_file id="fl-39">
         <path>C:\ti\ccsv8\tools\compiler\ti-cgt-msp430_18.1.2.LTS\lib\</path>
         <kind>archive</kind>
         <file>rts430_eabi.lib</file>
         <name>args_main.c.obj</name>
      </input_file>
      <input_file id="fl-3a">
         <path>C:\ti\ccsv8\tools\compiler\ti-cgt-msp430_18.1.2.LTS\lib\</path>
         <kind>archive</kind>
         <file>rts430_eabi.lib</file>
         <name>memcpy.c.obj</name>
      </input_file>
      <input_file id="fl-3b">
         <path>C:\ti\ccsv8\tools\compiler\ti-cgt-msp430_18.1.2.LTS\lib\</path>
         <kind>archive</kind>
         <file>rts430_eabi.lib</file>
         <name>sprintf.c.obj</name>
      </input_file>
      <input_file id="fl-3c">
         <path>C:\ti\ccsv8\tools\compiler\ti-cgt-msp430_18.1.2.LTS\lib\</path>
         <kind>archive</kind>
         <file>rts430_eabi.lib</file>
         <name>asr16.asm.obj</name>
      </input_file>
      <input_file id="fl-3d">
         <path>C:\ti\ccsv8\tools\compiler\ti-cgt-msp430_18.1.2.LTS\lib\</path>
         <kind>archive</kind>
         <file>rts430_eabi.lib</file>
         <name>asr32.asm.obj</name>
      </input_file>
      <input_file id="fl-3e">
         <path>C:\ti\ccsv8\tools\compiler\ti-cgt-msp430_18.1.2.LTS\lib\</path>
         <kind>archive</kind>
         <file>rts430_eabi.lib</file>
         <name>lsl16.asm.obj</name>
      </input_file>
      <input_file id="fl-3f">
         <path>C:\ti\ccsv8\tools\compiler\ti-cgt-msp430_18.1.2.LTS\lib\</path>
         <kind>archive</kind>
         <file>rts430_eabi.lib</file>
         <name>mult16.asm.obj</name>
      </input_file>
      <input_file id="fl-40">
         <path>C:\ti\ccsv8\tools\compiler\ti-cgt-msp430_18.1.2.LTS\lib\</path>
         <kind>archive</kind>
         <file>rts430_eabi.lib</file>
         <name>exit_gvars.c.obj</name>
      </input_file>
      <input_file id="fl-41">
         <path>C:\ti\ccsv8\tools\compiler\ti-cgt-msp430_18.1.2.LTS\lib\</path>
         <kind>archive</kind>
         <file>rts430_eabi.lib</file>
         <name>_printfi.c.obj</name>
      </input_file>
      <input_file id="fl-42">
         <path>C:\ti\ccsv8\tools\compiler\ti-cgt-msp430_18.1.2.LTS\lib\</path>
         <kind>archive</kind>
         <file>rts430_eabi.lib</file>
         <name>atoi.c.obj</name>
      </input_file>
      <input_file id="fl-43">
         <path>C:\ti\ccsv8\tools\compiler\ti-cgt-msp430_18.1.2.LTS\lib\</path>
         <kind>archive</kind>
         <file>rts430_eabi.lib</file>
         <name>ctype.c.obj</name>
      </input_file>
      <input_file id="fl-44">
         <path>C:\ti\ccsv8\tools\compiler\ti-cgt-msp430_18.1.2.LTS\lib\</path>
         <kind>archive</kind>
         <file>rts430_eabi.lib</file>
         <name>ltoa.c.obj</name>
      </input_file>
      <input_file id="fl-45">
         <path>C:\ti\ccsv8\tools\compiler\ti-cgt-msp430_18.1.2.LTS\lib\</path>
         <kind>archive</kind>
         <file>rts430_eabi.lib</file>
         <name>memccpy.c.obj</name>
      </input_file>
      <input_file id="fl-46">
         <path>C:\ti\ccsv8\tools\compiler\ti-cgt-msp430_18.1.2.LTS\lib\</path>
         <kind>archive</kind>
         <file>rts430_eabi.lib</file>
         <name>memset.c.obj</name>
      </input_file>
      <input_file id="fl-47">
         <path>C:\ti\ccsv8\tools\compiler\ti-cgt-msp430_18.1.2.LTS\lib\</path>
         <kind>archive</kind>
         <file>rts430_eabi.lib</file>
         <name>strchr.c.obj</name>
      </input_file>
      <input_file id="fl-48">
         <path>C:\ti\ccsv8\tools\compiler\ti-cgt-msp430_18.1.2.LTS\lib\</path>
         <kind>archive</kind>
         <file>rts430_eabi.lib</file>
         <name>strlen.c.obj</name>
      </input_file>
      <input_file id="fl-49">
         <path>C:\ti\ccsv8\tools\compiler\ti-cgt-msp430_18.1.2.LTS\lib\</path>
         <kind>archive</kind>
         <file>rts430_eabi.lib</file>
         <name>toupper.c.obj</name>
      </input_file>
      <input_file id="fl-4a">
         <path>C:\ti\ccsv8\tools\compiler\ti-cgt-msp430_18.1.2.LTS\lib\</path>
         <kind>archive</kind>
         <file>rts430_eabi.lib</file>
         <name>errno.c.obj</name>
      </input_file>
      <input_file id="fl-4b">
         <path>C:\ti\ccsv8\tools\compiler\ti-cgt-msp430_18.1.2.LTS\lib\</path>
         <kind>archive</kind>
         <file>rts430_eabi.lib</file>
         <name>abs.c.obj</name>
      </input_file>
      <input_file id="fl-4c">
         <path>C:\ti\ccsv8\tools\compiler\ti-cgt-msp430_18.1.2.LTS\lib\</path>
         <kind>archive</kind>
         <file>rts430_eabi.lib</file>
         <name>s_frexp.c.obj</name>
      </input_file>
      <input_file id="fl-4d">
         <path>C:\ti\ccsv8\tools\compiler\ti-cgt-msp430_18.1.2.LTS\lib\</path>
         <kind>archive</kind>
         <file>rts430_eabi.lib</file>
         <name>s_scalbn.c.obj</name>
      </input_file>
      <input_file id="fl-4e">
         <path>C:\ti\ccsv8\tools\compiler\ti-cgt-msp430_18.1.2.LTS\lib\</path>
         <kind>archive</kind>
         <file>rts430_eabi.lib</file>
         <name>wcslen.c.obj</name>
      </input_file>
      <input_file id="fl-4f">
         <path>C:\ti\ccsv8\tools\compiler\ti-cgt-msp430_18.1.2.LTS\lib\</path>
         <kind>archive</kind>
         <file>rts430_eabi.lib</file>
         <name>div16u.asm.obj</name>
      </input_file>
      <input_file id="fl-50">
         <path>C:\ti\ccsv8\tools\compiler\ti-cgt-msp430_18.1.2.LTS\lib\</path>
         <kind>archive</kind>
         <file>rts430_eabi.lib</file>
         <name>div32s.asm.obj</name>
      </input_file>
      <input_file id="fl-51">
         <path>C:\ti\ccsv8\tools\compiler\ti-cgt-msp430_18.1.2.LTS\lib\</path>
         <kind>archive</kind>
         <file>rts430_eabi.lib</file>
         <name>div32u.asm.obj</name>
      </input_file>
      <input_file id="fl-52">
         <path>C:\ti\ccsv8\tools\compiler\ti-cgt-msp430_18.1.2.LTS\lib\</path>
         <kind>archive</kind>
         <file>rts430_eabi.lib</file>
         <name>div64u.c.obj</name>
      </input_file>
      <input_file id="fl-53">
         <path>C:\ti\ccsv8\tools\compiler\ti-cgt-msp430_18.1.2.LTS\lib\</path>
         <kind>archive</kind>
         <file>rts430_eabi.lib</file>
         <name>addd.c.obj</name>
      </input_file>
      <input_file id="fl-54">
         <path>C:\ti\ccsv8\tools\compiler\ti-cgt-msp430_18.1.2.LTS\lib\</path>
         <kind>archive</kind>
         <file>rts430_eabi.lib</file>
         <name>cmpd.c.obj</name>
      </input_file>
      <input_file id="fl-55">
         <path>C:\ti\ccsv8\tools\compiler\ti-cgt-msp430_18.1.2.LTS\lib\</path>
         <kind>archive</kind>
         <file>rts430_eabi.lib</file>
         <name>divd.c.obj</name>
      </input_file>
      <input_file id="fl-56">
         <path>C:\ti\ccsv8\tools\compiler\ti-cgt-msp430_18.1.2.LTS\lib\</path>
         <kind>archive</kind>
         <file>rts430_eabi.lib</file>
         <name>fixdi.c.obj</name>
      </input_file>
      <input_file id="fl-57">
         <path>C:\ti\ccsv8\tools\compiler\ti-cgt-msp430_18.1.2.LTS\lib\</path>
         <kind>archive</kind>
         <file>rts430_eabi.lib</file>
         <name>fixdli.c.obj</name>
      </input_file>
      <input_file id="fl-58">
         <path>C:\ti\ccsv8\tools\compiler\ti-cgt-msp430_18.1.2.LTS\lib\</path>
         <kind>archive</kind>
         <file>rts430_eabi.lib</file>
         <name>fltid.c.obj</name>
      </input_file>
      <input_file id="fl-59">
         <path>C:\ti\ccsv8\tools\compiler\ti-cgt-msp430_18.1.2.LTS\lib\</path>
         <kind>archive</kind>
         <file>rts430_eabi.lib</file>
         <name>fltlid.c.obj</name>
      </input_file>
      <input_file id="fl-5a">
         <path>C:\ti\ccsv8\tools\compiler\ti-cgt-msp430_18.1.2.LTS\lib\</path>
         <kind>archive</kind>
         <file>rts430_eabi.lib</file>
         <name>frcaddd.c.obj</name>
      </input_file>
      <input_file id="fl-5b">
         <path>C:\ti\ccsv8\tools\compiler\ti-cgt-msp430_18.1.2.LTS\lib\</path>
         <kind>archive</kind>
         <file>rts430_eabi.lib</file>
         <name>frcdivd.c.obj</name>
      </input_file>
      <input_file id="fl-5c">
         <path>C:\ti\ccsv8\tools\compiler\ti-cgt-msp430_18.1.2.LTS\lib\</path>
         <kind>archive</kind>
         <file>rts430_eabi.lib</file>
         <name>mpyd.c.obj</name>
      </input_file>
      <input_file id="fl-5d">
         <path>C:\ti\ccsv8\tools\compiler\ti-cgt-msp430_18.1.2.LTS\lib\</path>
         <kind>archive</kind>
         <file>rts430_eabi.lib</file>
         <name>negd.c.obj</name>
      </input_file>
      <input_file id="fl-5e">
         <path>C:\ti\ccsv8\tools\compiler\ti-cgt-msp430_18.1.2.LTS\lib\</path>
         <kind>archive</kind>
         <file>rts430_eabi.lib</file>
         <name>renormd.c.obj</name>
      </input_file>
      <input_file id="fl-5f">
         <path>C:\ti\ccsv8\tools\compiler\ti-cgt-msp430_18.1.2.LTS\lib\</path>
         <kind>archive</kind>
         <file>rts430_eabi.lib</file>
         <name>subd.c.obj</name>
      </input_file>
      <input_file id="fl-60">
         <path>C:\ti\ccsv8\tools\compiler\ti-cgt-msp430_18.1.2.LTS\lib\</path>
         <kind>archive</kind>
         <file>rts430_eabi.lib</file>
         <name>s_copysign.c.obj</name>
      </input_file>
      <input_file id="fl-61">
         <path>C:\ti\ccsv8\tools\compiler\ti-cgt-msp430_18.1.2.LTS\lib\</path>
         <kind>archive</kind>
         <file>rts430_eabi.lib</file>
         <name>lsl32.asm.obj</name>
      </input_file>
      <input_file id="fl-62">
         <path>C:\ti\ccsv8\tools\compiler\ti-cgt-msp430_18.1.2.LTS\lib\</path>
         <kind>archive</kind>
         <file>rts430_eabi.lib</file>
         <name>lsr32.asm.obj</name>
      </input_file>
      <input_file id="fl-63">
         <path>C:\ti\ccsv8\tools\compiler\ti-cgt-msp430_18.1.2.LTS\lib\</path>
         <kind>archive</kind>
         <file>rts430_eabi.lib</file>
         <name>mult32.asm.obj</name>
      </input_file>
      <input_file id="fl-64">
         <path>C:\ti\ccsv8\tools\compiler\ti-cgt-msp430_18.1.2.LTS\lib\</path>
         <kind>archive</kind>
         <file>rts430_eabi.lib</file>
         <name>lsl64.c.obj</name>
      </input_file>
      <input_file id="fl-65">
         <path>C:\ti\ccsv8\tools\compiler\ti-cgt-msp430_18.1.2.LTS\lib\</path>
         <kind>archive</kind>
         <file>rts430_eabi.lib</file>
         <name>frcmpyd.c.obj</name>
      </input_file>
   </input_file_list>
   <object_component_list>
      <object_component id="oc-13d">
         <name>.data</name>
         <load_address>0x200</load_address>
         <run_address>0x200</run_address>
         <size>0x4</size>
         <input_file_ref idref="fl-2"/>
      </object_component>
      <object_component id="oc-294">
         <name>.data</name>
         <load_address>0x204</load_address>
         <run_address>0x204</run_address>
         <size>0x2</size>
         <input_file_ref idref="fl-4a"/>
      </object_component>
      <object_component id="oc-b1">
         <name>.stack</name>
         <uninitialized>true</uninitialized>
         <run_address>0x3b0</run_address>
         <size>0x2</size>
         <input_file_ref idref="fl-2c"/>
      </object_component>
      <object_component id="oc-4c2">
         <name>.stack</name>
         <uninitialized>true</uninitialized>
         <run_address>0x3b0</run_address>
         <size>0x0</size>
      </object_component>
      <object_component id="oc-3e9">
         <name>.text:__TI_frcdivd</name>
         <load_address>0xc000</load_address>
         <run_address>0xc000</run_address>
         <size>0x478</size>
         <input_file_ref idref="fl-5b"/>
      </object_component>
      <object_component id="oc-33c">
         <name>.text:__mspabi_divull</name>
         <load_address>0xc478</load_address>
         <run_address>0xc478</run_address>
         <size>0x360</size>
         <input_file_ref idref="fl-52"/>
      </object_component>
      <object_component id="oc-423">
         <name>.text:__mspabi_addd</name>
         <load_address>0xc7d8</load_address>
         <run_address>0xc7d8</run_address>
         <size>0x2fa</size>
         <input_file_ref idref="fl-53"/>
      </object_component>
      <object_component id="oc-1ac">
         <name>.text:__TI_printfi</name>
         <load_address>0xcad2</load_address>
         <run_address>0xcad2</run_address>
         <size>0x288</size>
         <input_file_ref idref="fl-41"/>
      </object_component>
      <object_component id="oc-3e1">
         <name>.text:__TI_frcmpyd</name>
         <load_address>0xcd5a</load_address>
         <run_address>0xcd5a</run_address>
         <size>0x286</size>
         <input_file_ref idref="fl-65"/>
      </object_component>
      <object_component id="oc-376">
         <name>.text:__mspabi_mpyd</name>
         <load_address>0xcfe0</load_address>
         <run_address>0xcfe0</run_address>
         <size>0x26e</size>
         <input_file_ref idref="fl-5c"/>
      </object_component>
      <object_component id="oc-452">
         <name>.text:__TI_frcaddd</name>
         <load_address>0xd24e</load_address>
         <run_address>0xd24e</run_address>
         <size>0x260</size>
         <input_file_ref idref="fl-5a"/>
      </object_component>
      <object_component id="oc-212">
         <name>.text:_setfield</name>
         <load_address>0xd4ae</load_address>
         <run_address>0xd4ae</run_address>
         <size>0x252</size>
         <input_file_ref idref="fl-41"/>
      </object_component>
      <object_component id="oc-389">
         <name>.text:acvt</name>
         <load_address>0xd700</load_address>
         <run_address>0xd700</run_address>
         <size>0x244</size>
         <input_file_ref idref="fl-41"/>
      </object_component>
      <object_component id="oc-37c">
         <name>.text:__mspabi_divd</name>
         <load_address>0xd944</load_address>
         <run_address>0xd944</run_address>
         <size>0x238</size>
         <input_file_ref idref="fl-55"/>
      </object_component>
      <object_component id="oc-280">
         <name>.text:_pproc_fgea</name>
         <load_address>0xdb7c</load_address>
         <run_address>0xdb7c</run_address>
         <size>0x224</size>
         <input_file_ref idref="fl-41"/>
      </object_component>
      <object_component id="oc-2df">
         <name>.text:_getarg_diouxp</name>
         <load_address>0xdda0</load_address>
         <run_address>0xdda0</run_address>
         <size>0x1ec</size>
         <input_file_ref idref="fl-41"/>
      </object_component>
      <object_component id="oc-356">
         <name>.text:ecvt</name>
         <load_address>0xdf8c</load_address>
         <run_address>0xdf8c</run_address>
         <size>0x1de</size>
         <input_file_ref idref="fl-41"/>
      </object_component>
      <object_component id="oc-369">
         <name>.text:fcvt</name>
         <load_address>0xe16a</load_address>
         <run_address>0xe16a</run_address>
         <size>0x1c4</size>
         <input_file_ref idref="fl-41"/>
      </object_component>
      <object_component id="oc-304">
         <name>.text:_pconv_e</name>
         <load_address>0xe32e</load_address>
         <run_address>0xe32e</run_address>
         <size>0x1a6</size>
         <input_file_ref idref="fl-41"/>
      </object_component>
      <object_component id="oc-e1">
         <name>.text:USCI0RX_ISR</name>
         <load_address>0xe4d4</load_address>
         <run_address>0xe4d4</run_address>
         <size>0x196</size>
         <input_file_ref idref="fl-2"/>
      </object_component>
      <object_component id="oc-30a">
         <name>.text:_pconv_a</name>
         <load_address>0xe66a</load_address>
         <run_address>0xe66a</run_address>
         <size>0x174</size>
         <input_file_ref idref="fl-41"/>
      </object_component>
      <object_component id="oc-3f8">
         <name>.text:scalbn</name>
         <load_address>0xe7de</load_address>
         <run_address>0xe7de</run_address>
         <size>0x16a</size>
         <input_file_ref idref="fl-4d"/>
      </object_component>
      <object_component id="oc-27a">
         <name>.text:_pproc_diouxp</name>
         <load_address>0xe948</load_address>
         <run_address>0xe948</run_address>
         <size>0x14c</size>
         <input_file_ref idref="fl-41"/>
      </object_component>
      <object_component id="oc-2e5">
         <name>.text:_ltostr</name>
         <load_address>0xea94</load_address>
         <run_address>0xea94</run_address>
         <size>0x12e</size>
         <input_file_ref idref="fl-41"/>
      </object_component>
      <object_component id="oc-2f8">
         <name>.text:_pconv_g</name>
         <load_address>0xebc2</load_address>
         <run_address>0xebc2</run_address>
         <size>0xf8</size>
         <input_file_ref idref="fl-41"/>
      </object_component>
      <object_component id="oc-20c">
         <name>.text:_pproc_fwp</name>
         <load_address>0xecba</load_address>
         <run_address>0xecba</run_address>
         <size>0xf8</size>
         <input_file_ref idref="fl-41"/>
      </object_component>
      <object_component id="oc-310">
         <name>.text:__mspabi_cmpd</name>
         <load_address>0xedb2</load_address>
         <run_address>0xedb2</run_address>
         <size>0xdc</size>
         <input_file_ref idref="fl-54"/>
      </object_component>
      <object_component id="oc-21e">
         <name>.text:_pproc_wstr</name>
         <load_address>0xee8e</load_address>
         <run_address>0xee8e</run_address>
         <size>0xc4</size>
         <input_file_ref idref="fl-41"/>
      </object_component>
      <object_component id="oc-46e">
         <name>.text:__TI_renormd</name>
         <load_address>0xef52</load_address>
         <run_address>0xef52</run_address>
         <size>0xbe</size>
         <input_file_ref idref="fl-5e"/>
      </object_component>
      <object_component id="oc-167">
         <name>.text:main</name>
         <load_address>0xf010</load_address>
         <run_address>0xf010</run_address>
         <size>0xbc</size>
         <input_file_ref idref="fl-2"/>
      </object_component>
      <object_component id="oc-383">
         <name>.text:frexp</name>
         <load_address>0xf0cc</load_address>
         <run_address>0xf0cc</run_address>
         <size>0xb0</size>
         <input_file_ref idref="fl-4c"/>
      </object_component>
      <object_component id="oc-3c4">
         <name>.text:__mspabi_fltlid</name>
         <load_address>0xf17c</load_address>
         <run_address>0xf17c</run_address>
         <size>0xac</size>
         <input_file_ref idref="fl-59"/>
      </object_component>
      <object_component id="oc-218">
         <name>.text:_pproc_str</name>
         <load_address>0xf228</load_address>
         <run_address>0xf228</run_address>
         <size>0xac</size>
         <input_file_ref idref="fl-41"/>
      </object_component>
      <object_component id="oc-362">
         <name>.text:_mcpy</name>
         <load_address>0xf2d4</load_address>
         <run_address>0xf2d4</run_address>
         <size>0x92</size>
         <input_file_ref idref="fl-41"/>
      </object_component>
      <object_component id="oc-35c">
         <name>.text:_ecpy</name>
         <load_address>0xf366</load_address>
         <run_address>0xf366</run_address>
         <size>0x8e</size>
         <input_file_ref idref="fl-41"/>
      </object_component>
      <object_component id="oc-3be">
         <name>.text:ltoa</name>
         <load_address>0xf3f4</load_address>
         <run_address>0xf3f4</run_address>
         <size>0x84</size>
         <input_file_ref idref="fl-44"/>
      </object_component>
      <object_component id="oc-34">
         <name>.text:decompress:lzss:__TI_decompress_lzss</name>
         <load_address>0xf478</load_address>
         <run_address>0xf478</run_address>
         <size>0x7c</size>
         <input_file_ref idref="fl-35"/>
      </object_component>
      <object_component id="oc-2fe">
         <name>.text:_pconv_f</name>
         <load_address>0xf4f4</load_address>
         <run_address>0xf4f4</run_address>
         <size>0x7a</size>
         <input_file_ref idref="fl-41"/>
      </object_component>
      <object_component id="oc-147">
         <name>.text:__mspabi_cvtfd</name>
         <load_address>0xf56e</load_address>
         <run_address>0xf56e</run_address>
         <size>0x72</size>
         <input_file_ref idref="fl-36"/>
      </object_component>
      <object_component id="oc-3b8">
         <name>.text:__mspabi_fixdli</name>
         <load_address>0xf5e0</load_address>
         <run_address>0xf5e0</run_address>
         <size>0x72</size>
         <input_file_ref idref="fl-57"/>
      </object_component>
      <object_component id="oc-41c">
         <name>.text:l_lsr_const</name>
         <load_address>0xf652</load_address>
         <run_address>0xf652</run_address>
         <size>0x5c</size>
         <input_file_ref idref="fl-62"/>
      </object_component>
      <object_component id="oc-342">
         <name>.text</name>
         <load_address>0xf6ae</load_address>
         <run_address>0xf6ae</run_address>
         <size>0x58</size>
         <input_file_ref idref="fl-51"/>
      </object_component>
      <object_component id="oc-272">
         <name>.text:atoi</name>
         <load_address>0xf706</load_address>
         <run_address>0xf706</run_address>
         <size>0x52</size>
         <input_file_ref idref="fl-42"/>
      </object_component>
      <object_component id="oc-36f">
         <name>.text:_fcpy</name>
         <load_address>0xf758</load_address>
         <run_address>0xf758</run_address>
         <size>0x4e</size>
         <input_file_ref idref="fl-41"/>
      </object_component>
      <object_component id="oc-ba">
         <name>.text</name>
         <load_address>0xf7a6</load_address>
         <run_address>0xf7a6</run_address>
         <size>0x4c</size>
         <input_file_ref idref="fl-2b"/>
      </object_component>
      <object_component id="oc-34c">
         <name>.text:__mspabi_srlll</name>
         <load_address>0xf7f2</load_address>
         <run_address>0xf7f2</run_address>
         <size>0x46</size>
         <input_file_ref idref="fl-31"/>
      </object_component>
      <object_component id="oc-3a6">
         <name>.text:__mspabi_sllll</name>
         <load_address>0xf838</load_address>
         <run_address>0xf838</run_address>
         <size>0x44</size>
         <input_file_ref idref="fl-64"/>
      </object_component>
      <object_component id="oc-1cd">
         <name>.text:__TI_auto_init_nobinit_nopinit:__TI_auto_init_nobinit_nopinit</name>
         <load_address>0xf87c</load_address>
         <run_address>0xf87c</run_address>
         <size>0x42</size>
         <input_file_ref idref="fl-2d"/>
      </object_component>
      <object_component id="oc-415">
         <name>.text</name>
         <load_address>0xf8be</load_address>
         <run_address>0xf8be</run_address>
         <size>0x40</size>
         <input_file_ref idref="fl-50"/>
      </object_component>
      <object_component id="oc-194">
         <name>.text:l_asr_const</name>
         <load_address>0xf8fe</load_address>
         <run_address>0xf8fe</run_address>
         <size>0x3e</size>
         <input_file_ref idref="fl-3d"/>
      </object_component>
      <object_component id="oc-40f">
         <name>.text:l_lsl_const</name>
         <load_address>0xf93c</load_address>
         <run_address>0xf93c</run_address>
         <size>0x3e</size>
         <input_file_ref idref="fl-61"/>
      </object_component>
      <object_component id="oc-14d">
         <name>.text:sprintf</name>
         <load_address>0xf97a</load_address>
         <run_address>0xf97a</run_address>
         <size>0x38</size>
         <input_file_ref idref="fl-3b"/>
      </object_component>
      <object_component id="oc-3ca">
         <name>.text:__mspabi_subd</name>
         <load_address>0xf9b2</load_address>
         <run_address>0xf9b2</run_address>
         <size>0x2e</size>
         <input_file_ref idref="fl-5f"/>
      </object_component>
      <object_component id="oc-440">
         <name>.text:copysign</name>
         <load_address>0xf9e0</load_address>
         <run_address>0xf9e0</run_address>
         <size>0x2e</size>
         <input_file_ref idref="fl-60"/>
      </object_component>
      <object_component id="oc-18f">
         <name>.text</name>
         <load_address>0xfa0e</load_address>
         <run_address>0xfa0e</run_address>
         <size>0x2c</size>
         <input_file_ref idref="fl-3c"/>
      </object_component>
      <object_component id="oc-b5">
         <name>.text</name>
         <load_address>0xfa3a</load_address>
         <run_address>0xfa3a</run_address>
         <size>0x2c</size>
         <input_file_ref idref="fl-3e"/>
      </object_component>
      <object_component id="oc-2f2">
         <name>.text:__mspabi_negd</name>
         <load_address>0xfa66</load_address>
         <run_address>0xfa66</run_address>
         <size>0x2a</size>
         <input_file_ref idref="fl-5d"/>
      </object_component>
      <object_component id="oc-3d0">
         <name>.text:__mspabi_fixdi</name>
         <load_address>0xfa90</load_address>
         <run_address>0xfa90</run_address>
         <size>0x28</size>
         <input_file_ref idref="fl-56"/>
      </object_component>
      <object_component id="oc-42c">
         <name>.text</name>
         <load_address>0xfab8</load_address>
         <run_address>0xfab8</run_address>
         <size>0x26</size>
         <input_file_ref idref="fl-63"/>
      </object_component>
      <object_component id="oc-141">
         <name>.text:sendData</name>
         <load_address>0xfade</load_address>
         <run_address>0xfade</run_address>
         <size>0x24</size>
         <input_file_ref idref="fl-2"/>
      </object_component>
      <object_component id="oc-f9">
         <name>.text:_c_int00_noargs</name>
         <load_address>0xfb02</load_address>
         <run_address>0xfb02</run_address>
         <size>0x1c</size>
         <input_file_ref idref="fl-2c"/>
      </object_component>
      <object_component id="oc-1a0">
         <name>.text:_outs</name>
         <load_address>0xfb1e</load_address>
         <run_address>0xfb1e</run_address>
         <size>0x1a</size>
         <input_file_ref idref="fl-3b"/>
      </object_component>
      <object_component id="oc-286">
         <name>.text:memccpy</name>
         <load_address>0xfb38</load_address>
         <run_address>0xfb38</run_address>
         <size>0x1a</size>
         <input_file_ref idref="fl-45"/>
      </object_component>
      <object_component id="oc-3fe">
         <name>.text:strchr</name>
         <load_address>0xfb52</load_address>
         <run_address>0xfb52</run_address>
         <size>0x1a</size>
         <input_file_ref idref="fl-47"/>
      </object_component>
      <object_component id="oc-347">
         <name>.text</name>
         <load_address>0xfb6c</load_address>
         <run_address>0xfb6c</run_address>
         <size>0x16</size>
         <input_file_ref idref="fl-4f"/>
      </object_component>
      <object_component id="oc-26c">
         <name>.text:memset</name>
         <load_address>0xfb82</load_address>
         <run_address>0xfb82</run_address>
         <size>0x14</size>
         <input_file_ref idref="fl-46"/>
      </object_component>
      <object_component id="oc-2ca">
         <name>.text</name>
         <load_address>0xfb96</load_address>
         <run_address>0xfb96</run_address>
         <size>0x14</size>
         <input_file_ref idref="fl-3f"/>
      </object_component>
      <object_component id="oc-28e">
         <name>.text:wcslen</name>
         <load_address>0xfbaa</load_address>
         <run_address>0xfbaa</run_address>
         <size>0x14</size>
         <input_file_ref idref="fl-4e"/>
      </object_component>
      <object_component id="oc-1a6">
         <name>.text:_outc</name>
         <load_address>0xfbbe</load_address>
         <run_address>0xfbbe</run_address>
         <size>0x12</size>
         <input_file_ref idref="fl-3b"/>
      </object_component>
      <object_component id="oc-3a">
         <name>.text:decompress:none:__TI_decompress_none</name>
         <load_address>0xfbd0</load_address>
         <run_address>0xfbd0</run_address>
         <size>0x12</size>
         <input_file_ref idref="fl-34"/>
      </object_component>
      <object_component id="oc-3ac">
         <name>.text:l_lsr</name>
         <load_address>0xfbe2</load_address>
         <run_address>0xfbe2</run_address>
         <size>0x12</size>
         <input_file_ref idref="fl-62"/>
      </object_component>
      <object_component id="oc-cf">
         <name>.text:memcpy</name>
         <load_address>0xfbf4</load_address>
         <run_address>0xfbf4</run_address>
         <size>0x12</size>
         <input_file_ref idref="fl-3a"/>
      </object_component>
      <object_component id="oc-469">
         <name>.text:l_asr</name>
         <load_address>0xfc06</load_address>
         <run_address>0xfc06</run_address>
         <size>0x10</size>
         <input_file_ref idref="fl-3d"/>
      </object_component>
      <object_component id="oc-464">
         <name>.text:l_lsl</name>
         <load_address>0xfc16</load_address>
         <run_address>0xfc16</run_address>
         <size>0x10</size>
         <input_file_ref idref="fl-61"/>
      </object_component>
      <object_component id="oc-bf">
         <name>.text</name>
         <load_address>0xfc26</load_address>
         <run_address>0xfc26</run_address>
         <size>0x10</size>
         <input_file_ref idref="fl-1d"/>
      </object_component>
      <object_component id="oc-206">
         <name>.text:strlen</name>
         <load_address>0xfc36</load_address>
         <run_address>0xfc36</run_address>
         <size>0xe</size>
         <input_file_ref idref="fl-48"/>
      </object_component>
      <object_component id="oc-404">
         <name>.text:__mspabi_fltid</name>
         <load_address>0xfc44</load_address>
         <run_address>0xfc44</run_address>
         <size>0xc</size>
         <input_file_ref idref="fl-58"/>
      </object_component>
      <object_component id="oc-2ec">
         <name>.text:toupper</name>
         <load_address>0xfc50</load_address>
         <run_address>0xfc50</run_address>
         <size>0xc</size>
         <input_file_ref idref="fl-49"/>
      </object_component>
      <object_component id="oc-3d7">
         <name>.text:abs</name>
         <load_address>0xfc5c</load_address>
         <run_address>0xfc5c</run_address>
         <size>0xa</size>
         <input_file_ref idref="fl-4b"/>
      </object_component>
      <object_component id="oc-dc">
         <name>.text:_isr:__TI_ISR_TRAP</name>
         <load_address>0xfc66</load_address>
         <run_address>0xfc66</run_address>
         <size>0x8</size>
         <input_file_ref idref="fl-2a"/>
      </object_component>
      <object_component id="oc-1c1">
         <name>.text:abort</name>
         <load_address>0xfc6e</load_address>
         <run_address>0xfc6e</run_address>
         <size>0x6</size>
         <input_file_ref idref="fl-37"/>
      </object_component>
      <object_component id="oc-161">
         <name>.text:_system_pre_init</name>
         <load_address>0xfc74</load_address>
         <run_address>0xfc74</run_address>
         <size>0x4</size>
         <input_file_ref idref="fl-32"/>
      </object_component>
      <object_component id="oc-249">
         <name>.text:_system_post_cinit</name>
         <load_address>0xfc78</load_address>
         <run_address>0xfc78</run_address>
         <size>0x2</size>
         <input_file_ref idref="fl-33"/>
      </object_component>
      <object_component id="oc-4c1">
         <name>.cinit..data.load</name>
         <load_address>0xfdb2</load_address>
         <run_address>0xfdb2</run_address>
         <size>0x7</size>
      </object_component>
      <object_component id="oc-4bf">
         <name>__TI_handler_table</name>
         <load_address>0xfdba</load_address>
         <run_address>0xfdba</run_address>
         <size>0x4</size>
      </object_component>
      <object_component id="oc-4c0">
         <name>__TI_cinit_table</name>
         <load_address>0xfdbe</load_address>
         <run_address>0xfdbe</run_address>
         <size>0x4</size>
      </object_component>
      <object_component id="oc-2da">
         <name>.const:.string:_ctypes_</name>
         <load_address>0xfc7a</load_address>
         <run_address>0xfc7a</run_address>
         <size>0x101</size>
         <input_file_ref idref="fl-43"/>
      </object_component>
      <object_component id="oc-279">
         <name>.const:.string</name>
         <load_address>0xfd7c</load_address>
         <run_address>0xfd7c</run_address>
         <size>0x26</size>
         <input_file_ref idref="fl-41"/>
      </object_component>
      <object_component id="oc-140">
         <name>.const:.string</name>
         <load_address>0xfda2</load_address>
         <run_address>0xfda2</run_address>
         <size>0xe</size>
         <input_file_ref idref="fl-2"/>
      </object_component>
      <object_component id="oc-153">
         <name>.const:.string:$P$T0$1</name>
         <load_address>0xfdb0</load_address>
         <run_address>0xfdb0</run_address>
         <size>0x2</size>
         <input_file_ref idref="fl-2"/>
      </object_component>
      <object_component id="oc-481">
         <name>.binit</name>
         <load_address>0xc000</load_address>
         <run_address>0xc000</run_address>
         <size>0x0</size>
      </object_component>
      <object_component id="oc-40">
         <name>.int00</name>
         <load_address>0xffe0</load_address>
         <run_address>0xffe0</run_address>
         <size>0x2</size>
         <input_file_ref idref="fl-1e"/>
      </object_component>
      <object_component id="oc-41">
         <name>.int02</name>
         <load_address>0xffe4</load_address>
         <run_address>0xffe4</run_address>
         <size>0x2</size>
         <input_file_ref idref="fl-1f"/>
      </object_component>
      <object_component id="oc-42">
         <name>.int03</name>
         <load_address>0xffe6</load_address>
         <run_address>0xffe6</run_address>
         <size>0x2</size>
         <input_file_ref idref="fl-20"/>
      </object_component>
      <object_component id="oc-43">
         <name>.int05</name>
         <load_address>0xffea</load_address>
         <run_address>0xffea</run_address>
         <size>0x2</size>
         <input_file_ref idref="fl-21"/>
      </object_component>
      <object_component id="oc-44">
         <name>.int06</name>
         <load_address>0xffec</load_address>
         <run_address>0xffec</run_address>
         <size>0x2</size>
         <input_file_ref idref="fl-22"/>
      </object_component>
      <object_component id="oc-45">
         <name>.int07</name>
         <load_address>0xffee</load_address>
         <run_address>0xffee</run_address>
         <size>0x2</size>
         <input_file_ref idref="fl-2"/>
      </object_component>
      <object_component id="oc-46">
         <name>.int08</name>
         <load_address>0xfff0</load_address>
         <run_address>0xfff0</run_address>
         <size>0x2</size>
         <input_file_ref idref="fl-23"/>
      </object_component>
      <object_component id="oc-47">
         <name>.int09</name>
         <load_address>0xfff2</load_address>
         <run_address>0xfff2</run_address>
         <size>0x2</size>
         <input_file_ref idref="fl-24"/>
      </object_component>
      <object_component id="oc-48">
         <name>.int10</name>
         <load_address>0xfff4</load_address>
         <run_address>0xfff4</run_address>
         <size>0x2</size>
         <input_file_ref idref="fl-25"/>
      </object_component>
      <object_component id="oc-49">
         <name>.int11</name>
         <load_address>0xfff6</load_address>
         <run_address>0xfff6</run_address>
         <size>0x2</size>
         <input_file_ref idref="fl-26"/>
      </object_component>
      <object_component id="oc-4a">
         <name>.int12</name>
         <load_address>0xfff8</load_address>
         <run_address>0xfff8</run_address>
         <size>0x2</size>
         <input_file_ref idref="fl-27"/>
      </object_component>
      <object_component id="oc-4b">
         <name>.int13</name>
         <load_address>0xfffa</load_address>
         <run_address>0xfffa</run_address>
         <size>0x2</size>
         <input_file_ref idref="fl-28"/>
      </object_component>
      <object_component id="oc-4c">
         <name>.int14</name>
         <load_address>0xfffc</load_address>
         <run_address>0xfffc</run_address>
         <size>0x2</size>
         <input_file_ref idref="fl-29"/>
      </object_component>
      <object_component id="oc-b4">
         <name>.reset</name>
         <load_address>0xfffe</load_address>
         <run_address>0xfffe</run_address>
         <size>0x2</size>
         <input_file_ref idref="fl-2c"/>
      </object_component>
      <object_component id="oc-157">
         <name>.debug_info</name>
         <load_address>0x0</load_address>
         <run_address>0x0</run_address>
         <size>0x49f</size>
         <input_file_ref idref="fl-2"/>
      </object_component>
      <object_component id="oc-13e">
         <name>.debug_info</name>
         <load_address>0x49f</load_address>
         <run_address>0x49f</run_address>
         <size>0xca</size>
         <input_file_ref idref="fl-2"/>
      </object_component>
      <object_component id="oc-154">
         <name>.debug_info</name>
         <load_address>0x569</load_address>
         <run_address>0x569</run_address>
         <size>0xd5</size>
         <input_file_ref idref="fl-2"/>
      </object_component>
      <object_component id="oc-142">
         <name>.debug_info</name>
         <load_address>0x63e</load_address>
         <run_address>0x63e</run_address>
         <size>0x13b</size>
         <input_file_ref idref="fl-2"/>
      </object_component>
      <object_component id="oc-168">
         <name>.debug_info</name>
         <load_address>0x779</load_address>
         <run_address>0x779</run_address>
         <size>0x14b</size>
         <input_file_ref idref="fl-2"/>
      </object_component>
      <object_component id="oc-e3">
         <name>.debug_info</name>
         <load_address>0x8c4</load_address>
         <run_address>0x8c4</run_address>
         <size>0x177</size>
         <input_file_ref idref="fl-2"/>
      </object_component>
      <object_component id="oc-1b8">
         <name>.debug_info</name>
         <load_address>0xa3b</load_address>
         <run_address>0xa3b</run_address>
         <size>0x26b</size>
         <input_file_ref idref="fl-2"/>
      </object_component>
      <object_component id="oc-ca">
         <name>.debug_info</name>
         <load_address>0xca6</load_address>
         <run_address>0xca6</run_address>
         <size>0x84</size>
         <input_file_ref idref="fl-2"/>
      </object_component>
      <object_component id="oc-232">
         <name>.debug_info</name>
         <load_address>0xd2a</load_address>
         <run_address>0xd2a</run_address>
         <size>0x275</size>
         <input_file_ref idref="fl-2"/>
      </object_component>
      <object_component id="oc-226">
         <name>.debug_info</name>
         <load_address>0xf9f</load_address>
         <run_address>0xf9f</run_address>
         <size>0x2c</size>
         <input_file_ref idref="fl-2"/>
      </object_component>
      <object_component id="oc-c0">
         <name>.debug_info</name>
         <load_address>0xfcb</load_address>
         <run_address>0xfcb</run_address>
         <size>0x126</size>
         <input_file_ref idref="fl-1d"/>
      </object_component>
      <object_component id="oc-dd">
         <name>.debug_info</name>
         <load_address>0x10f1</load_address>
         <run_address>0x10f1</run_address>
         <size>0x107</size>
         <input_file_ref idref="fl-2a"/>
      </object_component>
      <object_component id="oc-bb">
         <name>.debug_info</name>
         <load_address>0x11f8</load_address>
         <run_address>0x11f8</run_address>
         <size>0x118</size>
         <input_file_ref idref="fl-2b"/>
      </object_component>
      <object_component id="oc-b2">
         <name>.debug_info</name>
         <load_address>0x1310</load_address>
         <run_address>0x1310</run_address>
         <size>0xf5</size>
         <input_file_ref idref="fl-2c"/>
      </object_component>
      <object_component id="oc-fb">
         <name>.debug_info</name>
         <load_address>0x1405</load_address>
         <run_address>0x1405</run_address>
         <size>0x16f</size>
         <input_file_ref idref="fl-2c"/>
      </object_component>
      <object_component id="oc-250">
         <name>.debug_info</name>
         <load_address>0x1574</load_address>
         <run_address>0x1574</run_address>
         <size>0x472</size>
         <input_file_ref idref="fl-2d"/>
      </object_component>
      <object_component id="oc-1ce">
         <name>.debug_info</name>
         <load_address>0x19e6</load_address>
         <run_address>0x19e6</run_address>
         <size>0x1d5</size>
         <input_file_ref idref="fl-2d"/>
      </object_component>
      <object_component id="oc-2c0">
         <name>.debug_info</name>
         <load_address>0x1bbb</load_address>
         <run_address>0x1bbb</run_address>
         <size>0x39</size>
         <input_file_ref idref="fl-2d"/>
      </object_component>
      <object_component id="oc-2d1">
         <name>.debug_info</name>
         <load_address>0x1bf4</load_address>
         <run_address>0x1bf4</run_address>
         <size>0x2c</size>
         <input_file_ref idref="fl-2d"/>
      </object_component>
      <object_component id="oc-25b">
         <name>.debug_info</name>
         <load_address>0x1c20</load_address>
         <run_address>0x1c20</run_address>
         <size>0x2c</size>
         <input_file_ref idref="fl-2d"/>
      </object_component>
      <object_component id="oc-2c5">
         <name>.debug_info</name>
         <load_address>0x1c4c</load_address>
         <run_address>0x1c4c</run_address>
         <size>0xcd</size>
         <input_file_ref idref="fl-2d"/>
      </object_component>
      <object_component id="oc-130">
         <name>.debug_info</name>
         <load_address>0x1d19</load_address>
         <run_address>0x1d19</run_address>
         <size>0x2c</size>
         <input_file_ref idref="fl-2e"/>
      </object_component>
      <object_component id="oc-34e">
         <name>.debug_info</name>
         <load_address>0x1d45</load_address>
         <run_address>0x1d45</run_address>
         <size>0x188</size>
         <input_file_ref idref="fl-31"/>
      </object_component>
      <object_component id="oc-165">
         <name>.debug_info</name>
         <load_address>0x1ecd</load_address>
         <run_address>0x1ecd</run_address>
         <size>0x148</size>
         <input_file_ref idref="fl-32"/>
      </object_component>
      <object_component id="oc-24c">
         <name>.debug_info</name>
         <load_address>0x2015</load_address>
         <run_address>0x2015</run_address>
         <size>0x145</size>
         <input_file_ref idref="fl-33"/>
      </object_component>
      <object_component id="oc-db">
         <name>.debug_info</name>
         <load_address>0x215a</load_address>
         <run_address>0x215a</run_address>
         <size>0x175</size>
         <input_file_ref idref="fl-34"/>
      </object_component>
      <object_component id="oc-3d">
         <name>.debug_info</name>
         <load_address>0x22cf</load_address>
         <run_address>0x22cf</run_address>
         <size>0x1df</size>
         <input_file_ref idref="fl-34"/>
      </object_component>
      <object_component id="oc-d6">
         <name>.debug_info</name>
         <load_address>0x24ae</load_address>
         <run_address>0x24ae</run_address>
         <size>0x46</size>
         <input_file_ref idref="fl-34"/>
      </object_component>
      <object_component id="oc-135">
         <name>.debug_info</name>
         <load_address>0x24f4</load_address>
         <run_address>0x24f4</run_address>
         <size>0x2c</size>
         <input_file_ref idref="fl-34"/>
      </object_component>
      <object_component id="oc-12d">
         <name>.debug_info</name>
         <load_address>0x2520</load_address>
         <run_address>0x2520</run_address>
         <size>0x16b</size>
         <input_file_ref idref="fl-35"/>
      </object_component>
      <object_component id="oc-36">
         <name>.debug_info</name>
         <load_address>0x268b</load_address>
         <run_address>0x268b</run_address>
         <size>0x287</size>
         <input_file_ref idref="fl-35"/>
      </object_component>
      <object_component id="oc-c5">
         <name>.debug_info</name>
         <load_address>0x2912</load_address>
         <run_address>0x2912</run_address>
         <size>0x60</size>
         <input_file_ref idref="fl-35"/>
      </object_component>
      <object_component id="oc-183">
         <name>.debug_info</name>
         <load_address>0x2972</load_address>
         <run_address>0x2972</run_address>
         <size>0x46</size>
         <input_file_ref idref="fl-35"/>
      </object_component>
      <object_component id="oc-128">
         <name>.debug_info</name>
         <load_address>0x29b8</load_address>
         <run_address>0x29b8</run_address>
         <size>0x39</size>
         <input_file_ref idref="fl-35"/>
      </object_component>
      <object_component id="oc-19a">
         <name>.debug_info</name>
         <load_address>0x29f1</load_address>
         <run_address>0x29f1</run_address>
         <size>0x15a</size>
         <input_file_ref idref="fl-36"/>
      </object_component>
      <object_component id="oc-148">
         <name>.debug_info</name>
         <load_address>0x2b4b</load_address>
         <run_address>0x2b4b</run_address>
         <size>0x1c9</size>
         <input_file_ref idref="fl-36"/>
      </object_component>
      <object_component id="oc-19b">
         <name>.debug_info</name>
         <load_address>0x2d14</load_address>
         <run_address>0x2d14</run_address>
         <size>0xdb</size>
         <input_file_ref idref="fl-36"/>
      </object_component>
      <object_component id="oc-1c3">
         <name>.debug_info</name>
         <load_address>0x2def</load_address>
         <run_address>0x2def</run_address>
         <size>0x117</size>
         <input_file_ref idref="fl-37"/>
      </object_component>
      <object_component id="oc-12f">
         <name>.debug_info</name>
         <load_address>0x2f06</load_address>
         <run_address>0x2f06</run_address>
         <size>0x176</size>
         <input_file_ref idref="fl-3a"/>
      </object_component>
      <object_component id="oc-d2">
         <name>.debug_info</name>
         <load_address>0x307c</load_address>
         <run_address>0x307c</run_address>
         <size>0x16f</size>
         <input_file_ref idref="fl-3a"/>
      </object_component>
      <object_component id="oc-1b3">
         <name>.debug_info</name>
         <load_address>0x31eb</load_address>
         <run_address>0x31eb</run_address>
         <size>0x200</size>
         <input_file_ref idref="fl-3b"/>
      </object_component>
      <object_component id="oc-14f">
         <name>.debug_info</name>
         <load_address>0x33eb</load_address>
         <run_address>0x33eb</run_address>
         <size>0x1b7</size>
         <input_file_ref idref="fl-3b"/>
      </object_component>
      <object_component id="oc-1a1">
         <name>.debug_info</name>
         <load_address>0x35a2</load_address>
         <run_address>0x35a2</run_address>
         <size>0x18d</size>
         <input_file_ref idref="fl-3b"/>
      </object_component>
      <object_component id="oc-1a7">
         <name>.debug_info</name>
         <load_address>0x372f</load_address>
         <run_address>0x372f</run_address>
         <size>0x162</size>
         <input_file_ref idref="fl-3b"/>
      </object_component>
      <object_component id="oc-29a">
         <name>.debug_info</name>
         <load_address>0x3891</load_address>
         <run_address>0x3891</run_address>
         <size>0x2c</size>
         <input_file_ref idref="fl-3b"/>
      </object_component>
      <object_component id="oc-190">
         <name>.debug_info</name>
         <load_address>0x38bd</load_address>
         <run_address>0x38bd</run_address>
         <size>0x118</size>
         <input_file_ref idref="fl-3c"/>
      </object_component>
      <object_component id="oc-46c">
         <name>.debug_info</name>
         <load_address>0x39d5</load_address>
         <run_address>0x39d5</run_address>
         <size>0x118</size>
         <input_file_ref idref="fl-3d"/>
      </object_component>
      <object_component id="oc-195">
         <name>.debug_info</name>
         <load_address>0x3aed</load_address>
         <run_address>0x3aed</run_address>
         <size>0x11e</size>
         <input_file_ref idref="fl-3d"/>
      </object_component>
      <object_component id="oc-b6">
         <name>.debug_info</name>
         <load_address>0x3c0b</load_address>
         <run_address>0x3c0b</run_address>
         <size>0x118</size>
         <input_file_ref idref="fl-3e"/>
      </object_component>
      <object_component id="oc-2cc">
         <name>.debug_info</name>
         <load_address>0x3d23</load_address>
         <run_address>0x3d23</run_address>
         <size>0x119</size>
         <input_file_ref idref="fl-3f"/>
      </object_component>
      <object_component id="oc-225">
         <name>.debug_info</name>
         <load_address>0x3e3c</load_address>
         <run_address>0x3e3c</run_address>
         <size>0x538</size>
         <input_file_ref idref="fl-41"/>
      </object_component>
      <object_component id="oc-20d">
         <name>.debug_info</name>
         <load_address>0x4374</load_address>
         <run_address>0x4374</run_address>
         <size>0x23d</size>
         <input_file_ref idref="fl-41"/>
      </object_component>
      <object_component id="oc-2e0">
         <name>.debug_info</name>
         <load_address>0x45b1</load_address>
         <run_address>0x45b1</run_address>
         <size>0x1a8</size>
         <input_file_ref idref="fl-41"/>
      </object_component>
      <object_component id="oc-2e6">
         <name>.debug_info</name>
         <load_address>0x4759</load_address>
         <run_address>0x4759</run_address>
         <size>0x27c</size>
         <input_file_ref idref="fl-41"/>
      </object_component>
      <object_component id="oc-27b">
         <name>.debug_info</name>
         <load_address>0x49d5</load_address>
         <run_address>0x49d5</run_address>
         <size>0x240</size>
         <input_file_ref idref="fl-41"/>
      </object_component>
      <object_component id="oc-357">
         <name>.debug_info</name>
         <load_address>0x4c15</load_address>
         <run_address>0x4c15</run_address>
         <size>0x3c0</size>
         <input_file_ref idref="fl-41"/>
      </object_component>
      <object_component id="oc-35d">
         <name>.debug_info</name>
         <load_address>0x4fd5</load_address>
         <run_address>0x4fd5</run_address>
         <size>0x1b2</size>
         <input_file_ref idref="fl-41"/>
      </object_component>
      <object_component id="oc-363">
         <name>.debug_info</name>
         <load_address>0x5187</load_address>
         <run_address>0x5187</run_address>
         <size>0x210</size>
         <input_file_ref idref="fl-41"/>
      </object_component>
      <object_component id="oc-2f9">
         <name>.debug_info</name>
         <load_address>0x5397</load_address>
         <run_address>0x5397</run_address>
         <size>0x262</size>
         <input_file_ref idref="fl-41"/>
      </object_component>
      <object_component id="oc-36a">
         <name>.debug_info</name>
         <load_address>0x55f9</load_address>
         <run_address>0x55f9</run_address>
         <size>0x3d7</size>
         <input_file_ref idref="fl-41"/>
      </object_component>
      <object_component id="oc-370">
         <name>.debug_info</name>
         <load_address>0x59d0</load_address>
         <run_address>0x59d0</run_address>
         <size>0x1fb</size>
         <input_file_ref idref="fl-41"/>
      </object_component>
      <object_component id="oc-2ff">
         <name>.debug_info</name>
         <load_address>0x5bcb</load_address>
         <run_address>0x5bcb</run_address>
         <size>0x227</size>
         <input_file_ref idref="fl-41"/>
      </object_component>
      <object_component id="oc-305">
         <name>.debug_info</name>
         <load_address>0x5df2</load_address>
         <run_address>0x5df2</run_address>
         <size>0x36b</size>
         <input_file_ref idref="fl-41"/>
      </object_component>
      <object_component id="oc-38a">
         <name>.debug_info</name>
         <load_address>0x615d</load_address>
         <run_address>0x615d</run_address>
         <size>0x44e</size>
         <input_file_ref idref="fl-41"/>
      </object_component>
      <object_component id="oc-30b">
         <name>.debug_info</name>
         <load_address>0x65ab</load_address>
         <run_address>0x65ab</run_address>
         <size>0x275</size>
         <input_file_ref idref="fl-41"/>
      </object_component>
      <object_component id="oc-281">
         <name>.debug_info</name>
         <load_address>0x6820</load_address>
         <run_address>0x6820</run_address>
         <size>0x362</size>
         <input_file_ref idref="fl-41"/>
      </object_component>
      <object_component id="oc-213">
         <name>.debug_info</name>
         <load_address>0x6b82</load_address>
         <run_address>0x6b82</run_address>
         <size>0x2fa</size>
         <input_file_ref idref="fl-41"/>
      </object_component>
      <object_component id="oc-219">
         <name>.debug_info</name>
         <load_address>0x6e7c</load_address>
         <run_address>0x6e7c</run_address>
         <size>0x262</size>
         <input_file_ref idref="fl-41"/>
      </object_component>
      <object_component id="oc-21f">
         <name>.debug_info</name>
         <load_address>0x70de</load_address>
         <run_address>0x70de</run_address>
         <size>0x25f</size>
         <input_file_ref idref="fl-41"/>
      </object_component>
      <object_component id="oc-1ad">
         <name>.debug_info</name>
         <load_address>0x733d</load_address>
         <run_address>0x733d</run_address>
         <size>0x32f</size>
         <input_file_ref idref="fl-41"/>
      </object_component>
      <object_component id="oc-22b">
         <name>.debug_info</name>
         <load_address>0x766c</load_address>
         <run_address>0x766c</run_address>
         <size>0x86</size>
         <input_file_ref idref="fl-41"/>
      </object_component>
      <object_component id="oc-29f">
         <name>.debug_info</name>
         <load_address>0x76f2</load_address>
         <run_address>0x76f2</run_address>
         <size>0x39</size>
         <input_file_ref idref="fl-41"/>
      </object_component>
      <object_component id="oc-39f">
         <name>.debug_info</name>
         <load_address>0x772b</load_address>
         <run_address>0x772b</run_address>
         <size>0x94</size>
         <input_file_ref idref="fl-41"/>
      </object_component>
      <object_component id="oc-322">
         <name>.debug_info</name>
         <load_address>0x77bf</load_address>
         <run_address>0x77bf</run_address>
         <size>0x46</size>
         <input_file_ref idref="fl-41"/>
      </object_component>
      <object_component id="oc-2a4">
         <name>.debug_info</name>
         <load_address>0x7805</load_address>
         <run_address>0x7805</run_address>
         <size>0x46</size>
         <input_file_ref idref="fl-41"/>
      </object_component>
      <object_component id="oc-2de">
         <name>.debug_info</name>
         <load_address>0x784b</load_address>
         <run_address>0x784b</run_address>
         <size>0x186</size>
         <input_file_ref idref="fl-42"/>
      </object_component>
      <object_component id="oc-273">
         <name>.debug_info</name>
         <load_address>0x79d1</load_address>
         <run_address>0x79d1</run_address>
         <size>0x185</size>
         <input_file_ref idref="fl-42"/>
      </object_component>
      <object_component id="oc-338">
         <name>.debug_info</name>
         <load_address>0x7b56</load_address>
         <run_address>0x7b56</run_address>
         <size>0xee</size>
         <input_file_ref idref="fl-43"/>
      </object_component>
      <object_component id="oc-2db">
         <name>.debug_info</name>
         <load_address>0x7c44</load_address>
         <run_address>0x7c44</run_address>
         <size>0xfa</size>
         <input_file_ref idref="fl-43"/>
      </object_component>
      <object_component id="oc-41b">
         <name>.debug_info</name>
         <load_address>0x7d3e</load_address>
         <run_address>0x7d3e</run_address>
         <size>0x168</size>
         <input_file_ref idref="fl-44"/>
      </object_component>
      <object_component id="oc-3c2">
         <name>.debug_info</name>
         <load_address>0x7ea6</load_address>
         <run_address>0x7ea6</run_address>
         <size>0x1f6</size>
         <input_file_ref idref="fl-44"/>
      </object_component>
      <object_component id="oc-318">
         <name>.debug_info</name>
         <load_address>0x809c</load_address>
         <run_address>0x809c</run_address>
         <size>0x163</size>
         <input_file_ref idref="fl-45"/>
      </object_component>
      <object_component id="oc-287">
         <name>.debug_info</name>
         <load_address>0x81ff</load_address>
         <run_address>0x81ff</run_address>
         <size>0x1ab</size>
         <input_file_ref idref="fl-45"/>
      </object_component>
      <object_component id="oc-2d9">
         <name>.debug_info</name>
         <load_address>0x83aa</load_address>
         <run_address>0x83aa</run_address>
         <size>0x162</size>
         <input_file_ref idref="fl-46"/>
      </object_component>
      <object_component id="oc-26d">
         <name>.debug_info</name>
         <load_address>0x850c</load_address>
         <run_address>0x850c</run_address>
         <size>0x25a</size>
         <input_file_ref idref="fl-46"/>
      </object_component>
      <object_component id="oc-449">
         <name>.debug_info</name>
         <load_address>0x8766</load_address>
         <run_address>0x8766</run_address>
         <size>0x167</size>
         <input_file_ref idref="fl-47"/>
      </object_component>
      <object_component id="oc-3ff">
         <name>.debug_info</name>
         <load_address>0x88cd</load_address>
         <run_address>0x88cd</run_address>
         <size>0x24d</size>
         <input_file_ref idref="fl-47"/>
      </object_component>
      <object_component id="oc-26b">
         <name>.debug_info</name>
         <load_address>0x8b1a</load_address>
         <run_address>0x8b1a</run_address>
         <size>0x157</size>
         <input_file_ref idref="fl-48"/>
      </object_component>
      <object_component id="oc-20a">
         <name>.debug_info</name>
         <load_address>0x8c71</load_address>
         <run_address>0x8c71</run_address>
         <size>0x215</size>
         <input_file_ref idref="fl-48"/>
      </object_component>
      <object_component id="oc-354">
         <name>.debug_info</name>
         <load_address>0x8e86</load_address>
         <run_address>0x8e86</run_address>
         <size>0x183</size>
         <input_file_ref idref="fl-49"/>
      </object_component>
      <object_component id="oc-2ee">
         <name>.debug_info</name>
         <load_address>0x9009</load_address>
         <run_address>0x9009</run_address>
         <size>0x149</size>
         <input_file_ref idref="fl-49"/>
      </object_component>
      <object_component id="oc-295">
         <name>.debug_info</name>
         <load_address>0x9152</load_address>
         <run_address>0x9152</run_address>
         <size>0xf3</size>
         <input_file_ref idref="fl-4a"/>
      </object_component>
      <object_component id="oc-3d8">
         <name>.debug_info</name>
         <load_address>0x9245</load_address>
         <run_address>0x9245</run_address>
         <size>0x135</size>
         <input_file_ref idref="fl-4b"/>
      </object_component>
      <object_component id="oc-3f2">
         <name>.debug_info</name>
         <load_address>0x937a</load_address>
         <run_address>0x937a</run_address>
         <size>0x167</size>
         <input_file_ref idref="fl-4c"/>
      </object_component>
      <object_component id="oc-385">
         <name>.debug_info</name>
         <load_address>0x94e1</load_address>
         <run_address>0x94e1</run_address>
         <size>0x1bc</size>
         <input_file_ref idref="fl-4c"/>
      </object_component>
      <object_component id="oc-43b">
         <name>.debug_info</name>
         <load_address>0x969d</load_address>
         <run_address>0x969d</run_address>
         <size>0x46</size>
         <input_file_ref idref="fl-4c"/>
      </object_component>
      <object_component id="oc-3f3">
         <name>.debug_info</name>
         <load_address>0x96e3</load_address>
         <run_address>0x96e3</run_address>
         <size>0x2c</size>
         <input_file_ref idref="fl-4c"/>
      </object_component>
      <object_component id="oc-447">
         <name>.debug_info</name>
         <load_address>0x970f</load_address>
         <run_address>0x970f</run_address>
         <size>0x1a5</size>
         <input_file_ref idref="fl-4d"/>
      </object_component>
      <object_component id="oc-3fa">
         <name>.debug_info</name>
         <load_address>0x98b4</load_address>
         <run_address>0x98b4</run_address>
         <size>0x230</size>
         <input_file_ref idref="fl-4d"/>
      </object_component>
      <object_component id="oc-31f">
         <name>.debug_info</name>
         <load_address>0x9ae4</load_address>
         <run_address>0x9ae4</run_address>
         <size>0x15c</size>
         <input_file_ref idref="fl-4e"/>
      </object_component>
      <object_component id="oc-28f">
         <name>.debug_info</name>
         <load_address>0x9c40</load_address>
         <run_address>0x9c40</run_address>
         <size>0x14f</size>
         <input_file_ref idref="fl-4e"/>
      </object_component>
      <object_component id="oc-398">
         <name>.debug_info</name>
         <load_address>0x9d8f</load_address>
         <run_address>0x9d8f</run_address>
         <size>0x39</size>
         <input_file_ref idref="fl-4e"/>
      </object_component>
      <object_component id="oc-31a">
         <name>.debug_info</name>
         <load_address>0x9dc8</load_address>
         <run_address>0x9dc8</run_address>
         <size>0x39</size>
         <input_file_ref idref="fl-4e"/>
      </object_component>
      <object_component id="oc-348">
         <name>.debug_info</name>
         <load_address>0x9e01</load_address>
         <run_address>0x9e01</run_address>
         <size>0x119</size>
         <input_file_ref idref="fl-4f"/>
      </object_component>
      <object_component id="oc-416">
         <name>.debug_info</name>
         <load_address>0x9f1a</load_address>
         <run_address>0x9f1a</run_address>
         <size>0x130</size>
         <input_file_ref idref="fl-50"/>
      </object_component>
      <object_component id="oc-343">
         <name>.debug_info</name>
         <load_address>0xa04a</load_address>
         <run_address>0xa04a</run_address>
         <size>0x11b</size>
         <input_file_ref idref="fl-51"/>
      </object_component>
      <object_component id="oc-3b2">
         <name>.debug_info</name>
         <load_address>0xa165</load_address>
         <run_address>0xa165</run_address>
         <size>0x1cc</size>
         <input_file_ref idref="fl-52"/>
      </object_component>
      <object_component id="oc-33f">
         <name>.debug_info</name>
         <load_address>0xa331</load_address>
         <run_address>0xa331</run_address>
         <size>0x32c</size>
         <input_file_ref idref="fl-52"/>
      </object_component>
      <object_component id="oc-459">
         <name>.debug_info</name>
         <load_address>0xa65d</load_address>
         <run_address>0xa65d</run_address>
         <size>0x19c</size>
         <input_file_ref idref="fl-53"/>
      </object_component>
      <object_component id="oc-425">
         <name>.debug_info</name>
         <load_address>0xa7f9</load_address>
         <run_address>0xa7f9</run_address>
         <size>0x24c</size>
         <input_file_ref idref="fl-53"/>
      </object_component>
      <object_component id="oc-391">
         <name>.debug_info</name>
         <load_address>0xaa45</load_address>
         <run_address>0xaa45</run_address>
         <size>0x94</size>
         <input_file_ref idref="fl-53"/>
      </object_component>
      <object_component id="oc-311">
         <name>.debug_info</name>
         <load_address>0xaad9</load_address>
         <run_address>0xaad9</run_address>
         <size>0x1a4</size>
         <input_file_ref idref="fl-54"/>
      </object_component>
      <object_component id="oc-3f0">
         <name>.debug_info</name>
         <load_address>0xac7d</load_address>
         <run_address>0xac7d</run_address>
         <size>0x197</size>
         <input_file_ref idref="fl-55"/>
      </object_component>
      <object_component id="oc-37d">
         <name>.debug_info</name>
         <load_address>0xae14</load_address>
         <run_address>0xae14</run_address>
         <size>0x27f</size>
         <input_file_ref idref="fl-55"/>
      </object_component>
      <object_component id="oc-3d2">
         <name>.debug_info</name>
         <load_address>0xb093</load_address>
         <run_address>0xb093</run_address>
         <size>0x166</size>
         <input_file_ref idref="fl-56"/>
      </object_component>
      <object_component id="oc-3ba">
         <name>.debug_info</name>
         <load_address>0xb1f9</load_address>
         <run_address>0xb1f9</run_address>
         <size>0x1b5</size>
         <input_file_ref idref="fl-57"/>
      </object_component>
      <object_component id="oc-407">
         <name>.debug_info</name>
         <load_address>0xb3ae</load_address>
         <run_address>0xb3ae</run_address>
         <size>0x15b</size>
         <input_file_ref idref="fl-58"/>
      </object_component>
      <object_component id="oc-422">
         <name>.debug_info</name>
         <load_address>0xb509</load_address>
         <run_address>0xb509</run_address>
         <size>0x160</size>
         <input_file_ref idref="fl-59"/>
      </object_component>
      <object_component id="oc-3c7">
         <name>.debug_info</name>
         <load_address>0xb669</load_address>
         <run_address>0xb669</run_address>
         <size>0x210</size>
         <input_file_ref idref="fl-59"/>
      </object_component>
      <object_component id="oc-475">
         <name>.debug_info</name>
         <load_address>0xb879</load_address>
         <run_address>0xb879</run_address>
         <size>0x195</size>
         <input_file_ref idref="fl-5a"/>
      </object_component>
      <object_component id="oc-453">
         <name>.debug_info</name>
         <load_address>0xba0e</load_address>
         <run_address>0xba0e</run_address>
         <size>0x31e</size>
         <input_file_ref idref="fl-5a"/>
      </object_component>
      <object_component id="oc-436">
         <name>.debug_info</name>
         <load_address>0xbd2c</load_address>
         <run_address>0xbd2c</run_address>
         <size>0x167</size>
         <input_file_ref idref="fl-5b"/>
      </object_component>
      <object_component id="oc-3ea">
         <name>.debug_info</name>
         <load_address>0xbe93</load_address>
         <run_address>0xbe93</run_address>
         <size>0x5c4</size>
         <input_file_ref idref="fl-5b"/>
      </object_component>
      <object_component id="oc-3e8">
         <name>.debug_info</name>
         <load_address>0xc457</load_address>
         <run_address>0xc457</run_address>
         <size>0x197</size>
         <input_file_ref idref="fl-5c"/>
      </object_component>
      <object_component id="oc-378">
         <name>.debug_info</name>
         <load_address>0xc5ee</load_address>
         <run_address>0xc5ee</run_address>
         <size>0x2d5</size>
         <input_file_ref idref="fl-5c"/>
      </object_component>
      <object_component id="oc-2f5">
         <name>.debug_info</name>
         <load_address>0xc8c3</load_address>
         <run_address>0xc8c3</run_address>
         <size>0x14d</size>
         <input_file_ref idref="fl-5d"/>
      </object_component>
      <object_component id="oc-47b">
         <name>.debug_info</name>
         <load_address>0xca10</load_address>
         <run_address>0xca10</run_address>
         <size>0x167</size>
         <input_file_ref idref="fl-5e"/>
      </object_component>
      <object_component id="oc-46f">
         <name>.debug_info</name>
         <load_address>0xcb77</load_address>
         <run_address>0xcb77</run_address>
         <size>0x1ee</size>
         <input_file_ref idref="fl-5e"/>
      </object_component>
      <object_component id="oc-3cb">
         <name>.debug_info</name>
         <load_address>0xcd65</load_address>
         <run_address>0xcd65</run_address>
         <size>0x182</size>
         <input_file_ref idref="fl-5f"/>
      </object_component>
      <object_component id="oc-442">
         <name>.debug_info</name>
         <load_address>0xcee7</load_address>
         <run_address>0xcee7</run_address>
         <size>0x155</size>
         <input_file_ref idref="fl-60"/>
      </object_component>
      <object_component id="oc-465">
         <name>.debug_info</name>
         <load_address>0xd03c</load_address>
         <run_address>0xd03c</run_address>
         <size>0x118</size>
         <input_file_ref idref="fl-61"/>
      </object_component>
      <object_component id="oc-412">
         <name>.debug_info</name>
         <load_address>0xd154</load_address>
         <run_address>0xd154</run_address>
         <size>0x11e</size>
         <input_file_ref idref="fl-61"/>
      </object_component>
      <object_component id="oc-3ad">
         <name>.debug_info</name>
         <load_address>0xd272</load_address>
         <run_address>0xd272</run_address>
         <size>0x118</size>
         <input_file_ref idref="fl-62"/>
      </object_component>
      <object_component id="oc-41d">
         <name>.debug_info</name>
         <load_address>0xd38a</load_address>
         <run_address>0xd38a</run_address>
         <size>0x11e</size>
         <input_file_ref idref="fl-62"/>
      </object_component>
      <object_component id="oc-42f">
         <name>.debug_info</name>
         <load_address>0xd4a8</load_address>
         <run_address>0xd4a8</run_address>
         <size>0x119</size>
         <input_file_ref idref="fl-63"/>
      </object_component>
      <object_component id="oc-3a9">
         <name>.debug_info</name>
         <load_address>0xd5c1</load_address>
         <run_address>0xd5c1</run_address>
         <size>0x188</size>
         <input_file_ref idref="fl-64"/>
      </object_component>
      <object_component id="oc-432">
         <name>.debug_info</name>
         <load_address>0xd749</load_address>
         <run_address>0xd749</run_address>
         <size>0x167</size>
         <input_file_ref idref="fl-65"/>
      </object_component>
      <object_component id="oc-3e2">
         <name>.debug_info</name>
         <load_address>0xd8b0</load_address>
         <run_address>0xd8b0</run_address>
         <size>0x3a0</size>
         <input_file_ref idref="fl-65"/>
      </object_component>
      <object_component id="oc-4c3">
         <name>.debug_info</name>
         <load_address>0xdc50</load_address>
         <run_address>0xdc50</run_address>
         <size>0xaa</size>
      </object_component>
      <object_component id="oc-1b7">
         <name>.debug_line</name>
         <load_address>0x0</load_address>
         <run_address>0x0</run_address>
         <size>0xa9</size>
         <input_file_ref idref="fl-2"/>
      </object_component>
      <object_component id="oc-18d">
         <name>.debug_line</name>
         <load_address>0xa9</load_address>
[...]
         <name>__mspabi_srai</name>
         <value>0xfa0e</value>
         <object_component_ref idref="oc-18f"/>
      </symbol>
      <symbol id="sm-22f">
         <name>__mspabi_srai_8</name>
         <value>0xfa28</value>
         <object_component_ref idref="oc-18f"/>
      </symbol>
      <symbol id="sm-230">
         <name>__mspabi_srai_9</name>
         <value>0xfa26</value>
         <object_component_ref idref="oc-18f"/>
      </symbol>
      <symbol id="sm-231">
         <name>__mspabi_srai_6</name>
         <value>0xfa2c</value>
         <object_component_ref idref="oc-18f"/>
      </symbol>
      <symbol id="sm-232">
         <name>__mspabi_srai_7</name>
         <value>0xfa2a</value>
         <object_component_ref idref="oc-18f"/>
      </symbol>
      <symbol id="sm-233">
         <name>__mspabi_srai_4</name>
         <value>0xfa30</value>
         <object_component_ref idref="oc-18f"/>
      </symbol>
      <symbol id="sm-234">
         <name>__mspabi_srai_5</name>
         <value>0xfa2e</value>
         <object_component_ref idref="oc-18f"/>
      </symbol>
      <symbol id="sm-235">
         <name>__mspabi_srai_2</name>
         <value>0xfa34</value>
         <object_component_ref idref="oc-18f"/>
      </symbol>
      <symbol id="sm-236">
         <name>__mspabi_srai_3</name>
         <value>0xfa32</value>
         <object_component_ref idref="oc-18f"/>
      </symbol>
      <symbol id="sm-237">
         <name>__mspabi_srai_1</name>
         <value>0xfa36</value>
         <object_component_ref idref="oc-18f"/>
      </symbol>
      <symbol id="sm-238">
         <name>__mspabi_srai_15</name>
         <value>0xfa1a</value>
         <object_component_ref idref="oc-18f"/>
      </symbol>
      <symbol id="sm-239">
         <name>__mspabi_srai_14</name>
         <value>0xfa1c</value>
         <object_component_ref idref="oc-18f"/>
      </symbol>
      <symbol id="sm-23a">
         <name>__mspabi_srai_13</name>
         <value>0xfa1e</value>
         <object_component_ref idref="oc-18f"/>
      </symbol>
      <symbol id="sm-23b">
         <name>__mspabi_srai_12</name>
         <value>0xfa20</value>
         <object_component_ref idref="oc-18f"/>
      </symbol>
      <symbol id="sm-23c">
         <name>__mspabi_srai_11</name>
         <value>0xfa22</value>
         <object_component_ref idref="oc-18f"/>
      </symbol>
      <symbol id="sm-23d">
         <name>__mspabi_srai_10</name>
         <value>0xfa24</value>
         <object_component_ref idref="oc-18f"/>
      </symbol>
      <symbol id="sm-24d">
         <name>__mspabi_sral</name>
         <value>0xfc06</value>
         <object_component_ref idref="oc-469"/>
      </symbol>
      <symbol id="sm-24e">
         <name>__mspabi_sral_15</name>
         <value>0xf8fe</value>
         <object_component_ref idref="oc-194"/>
      </symbol>
      <symbol id="sm-24f">
         <name>__mspabi_sral_14</name>
         <value>0xf902</value>
         <object_component_ref idref="oc-194"/>
      </symbol>
      <symbol id="sm-250">
         <name>__mspabi_sral_13</name>
         <value>0xf906</value>
         <object_component_ref idref="oc-194"/>
      </symbol>
      <symbol id="sm-251">
         <name>__mspabi_sral_12</name>
         <value>0xf90a</value>
         <object_component_ref idref="oc-194"/>
      </symbol>
      <symbol id="sm-252">
         <name>__mspabi_sral_11</name>
         <value>0xf90e</value>
         <object_component_ref idref="oc-194"/>
      </symbol>
      <symbol id="sm-253">
         <name>__mspabi_sral_10</name>
         <value>0xf912</value>
         <object_component_ref idref="oc-194"/>
      </symbol>
      <symbol id="sm-254">
         <name>__mspabi_sral_8</name>
         <value>0xf91a</value>
         <object_component_ref idref="oc-194"/>
      </symbol>
      <symbol id="sm-255">
         <name>__mspabi_sral_9</name>
         <value>0xf916</value>
         <object_component_ref idref="oc-194"/>
      </symbol>
      <symbol id="sm-256">
         <name>__mspabi_sral_6</name>
         <value>0xf922</value>
         <object_component_ref idref="oc-194"/>
      </symbol>
      <symbol id="sm-257">
         <name>__mspabi_sral_7</name>
         <value>0xf91e</value>
         <object_component_ref idref="oc-194"/>
      </symbol>
      <symbol id="sm-258">
         <name>__mspabi_sral_4</name>
         <value>0xf92a</value>
         <object_component_ref idref="oc-194"/>
      </symbol>
      <symbol id="sm-259">
         <name>__mspabi_sral_5</name>
         <value>0xf926</value>
         <object_component_ref idref="oc-194"/>
      </symbol>
      <symbol id="sm-25a">
         <name>__mspabi_sral_2</name>
         <value>0xf932</value>
         <object_component_ref idref="oc-194"/>
      </symbol>
      <symbol id="sm-25b">
         <name>__mspabi_sral_3</name>
         <value>0xf92e</value>
         <object_component_ref idref="oc-194"/>
      </symbol>
      <symbol id="sm-25c">
         <name>__mspabi_sral_1</name>
         <value>0xf936</value>
         <object_component_ref idref="oc-194"/>
      </symbol>
      <symbol id="sm-264">
         <name>__mspabi_slli</name>
         <value>0xfa3a</value>
         <object_component_ref idref="oc-b5"/>
      </symbol>
      <symbol id="sm-265">
         <name>__mspabi_slli_9</name>
         <value>0xfa52</value>
         <object_component_ref idref="oc-b5"/>
      </symbol>
      <symbol id="sm-266">
         <name>__mspabi_slli_8</name>
         <value>0xfa54</value>
         <object_component_ref idref="oc-b5"/>
      </symbol>
      <symbol id="sm-267">
         <name>__mspabi_slli_7</name>
         <value>0xfa56</value>
         <object_component_ref idref="oc-b5"/>
      </symbol>
      <symbol id="sm-268">
         <name>__mspabi_slli_6</name>
         <value>0xfa58</value>
         <object_component_ref idref="oc-b5"/>
      </symbol>
      <symbol id="sm-269">
         <name>__mspabi_slli_5</name>
         <value>0xfa5a</value>
         <object_component_ref idref="oc-b5"/>
      </symbol>
      <symbol id="sm-26a">
         <name>__mspabi_slli_4</name>
         <value>0xfa5c</value>
         <object_component_ref idref="oc-b5"/>
      </symbol>
      <symbol id="sm-26b">
         <name>__mspabi_slli_3</name>
         <value>0xfa5e</value>
         <object_component_ref idref="oc-b5"/>
      </symbol>
      <symbol id="sm-26c">
         <name>__mspabi_slli_2</name>
         <value>0xfa60</value>
         <object_component_ref idref="oc-b5"/>
      </symbol>
      <symbol id="sm-26d">
         <name>__mspabi_slli_1</name>
         <value>0xfa62</value>
         <object_component_ref idref="oc-b5"/>
      </symbol>
      <symbol id="sm-26e">
         <name>__mspabi_slli_15</name>
         <value>0xfa46</value>
         <object_component_ref idref="oc-b5"/>
      </symbol>
      <symbol id="sm-26f">
         <name>__mspabi_slli_14</name>
         <value>0xfa48</value>
         <object_component_ref idref="oc-b5"/>
      </symbol>
      <symbol id="sm-270">
         <name>__mspabi_slli_13</name>
         <value>0xfa4a</value>
         <object_component_ref idref="oc-b5"/>
      </symbol>
      <symbol id="sm-271">
         <name>__mspabi_slli_12</name>
         <value>0xfa4c</value>
         <object_component_ref idref="oc-b5"/>
      </symbol>
      <symbol id="sm-272">
         <name>__mspabi_slli_11</name>
         <value>0xfa4e</value>
         <object_component_ref idref="oc-b5"/>
      </symbol>
      <symbol id="sm-273">
         <name>__mspabi_slli_10</name>
         <value>0xfa50</value>
         <object_component_ref idref="oc-b5"/>
      </symbol>
      <symbol id="sm-27d">
         <name>__mspabi_mpyi_sw</name>
         <value>0xfb96</value>
         <object_component_ref idref="oc-2ca"/>
      </symbol>
      <symbol id="sm-27e">
         <name>__mspabi_mpyi</name>
         <value>0xfb96</value>
         <object_component_ref idref="oc-2ca"/>
      </symbol>
      <symbol id="sm-450">
         <name>__TI_printfi</name>
         <value>0xcad2</value>
         <object_component_ref idref="oc-1ac"/>
      </symbol>
      <symbol id="sm-463">
         <name>atoi</name>
         <value>0xf706</value>
         <object_component_ref idref="oc-272"/>
      </symbol>
      <symbol id="sm-46d">
         <name>_ctypes_</name>
         <value>0xfc7a</value>
         <object_component_ref idref="oc-2da"/>
      </symbol>
      <symbol id="sm-47c">
         <name>ltoa</name>
         <value>0xf3f4</value>
         <object_component_ref idref="oc-3be"/>
      </symbol>
      <symbol id="sm-48b">
         <name>memccpy</name>
         <value>0xfb38</value>
         <object_component_ref idref="oc-286"/>
      </symbol>
      <symbol id="sm-499">
         <name>memset</name>
         <value>0xfb82</value>
         <object_component_ref idref="oc-26c"/>
      </symbol>
      <symbol id="sm-4a8">
         <name>strchr</name>
         <value>0xfb52</value>
         <object_component_ref idref="oc-3fe"/>
      </symbol>
      <symbol id="sm-4b5">
         <name>strlen</name>
         <value>0xfc36</value>
         <object_component_ref idref="oc-206"/>
      </symbol>
      <symbol id="sm-4c2">
         <name>toupper</name>
         <value>0xfc50</value>
         <object_component_ref idref="oc-2ec"/>
      </symbol>
      <symbol id="sm-4c9">
         <name>errno</name>
         <value>0x204</value>
         <object_component_ref idref="oc-294"/>
      </symbol>
      <symbol id="sm-4d3">
         <name>abs</name>
         <value>0xfc5c</value>
         <object_component_ref idref="oc-3d7"/>
      </symbol>
      <symbol id="sm-4ef">
         <name>frexpl</name>
         <value>0xf0cc</value>
         <object_component_ref idref="oc-383"/>
      </symbol>
      <symbol id="sm-4f0">
         <name>frexp</name>
         <value>0xf0cc</value>
         <object_component_ref idref="oc-383"/>
      </symbol>
      <symbol id="sm-508">
         <name>scalbn</name>
         <value>0xe7de</value>
         <object_component_ref idref="oc-3f8"/>
      </symbol>
      <symbol id="sm-509">
         <name>scalbnl</name>
         <value>0xe7de</value>
         <object_component_ref idref="oc-3f8"/>
      </symbol>
      <symbol id="sm-50a">
         <name>ldexpl</name>
         <value>0xe7de</value>
         <object_component_ref idref="oc-3f8"/>
      </symbol>
      <symbol id="sm-50b">
         <name>ldexp</name>
         <value>0xe7de</value>
         <object_component_ref idref="oc-3f8"/>
      </symbol>
      <symbol id="sm-523">
         <name>wcslen</name>
         <value>0xfbaa</value>
         <object_component_ref idref="oc-28e"/>
      </symbol>
      <symbol id="sm-52d">
         <name>__mspabi_remu</name>
         <value>0xfb6c</value>
         <object_component_ref idref="oc-347"/>
      </symbol>
      <symbol id="sm-52e">
         <name>__mspabi_divu</name>
         <value>0xfb6c</value>
         <object_component_ref idref="oc-347"/>
      </symbol>
      <symbol id="sm-53a">
         <name>__mspabi_remli</name>
         <value>0xf8be</value>
         <object_component_ref idref="oc-415"/>
      </symbol>
      <symbol id="sm-53b">
         <name>__mspabi_divli</name>
         <value>0xf8be</value>
         <object_component_ref idref="oc-415"/>
      </symbol>
      <symbol id="sm-549">
         <name>__mspabi_remul</name>
         <value>0xf6ae</value>
         <object_component_ref idref="oc-342"/>
      </symbol>
      <symbol id="sm-54a">
         <name>__mspabi_divul</name>
         <value>0xf6ae</value>
         <object_component_ref idref="oc-342"/>
      </symbol>
      <symbol id="sm-57d">
         <name>__mspabi_divull</name>
         <value>0xc478</value>
         <object_component_ref idref="oc-33c"/>
      </symbol>
      <symbol id="sm-5a4">
         <name>__mspabi_addd</name>
         <value>0xc7d8</value>
         <object_component_ref idref="oc-423"/>
      </symbol>
      <symbol id="sm-5be">
         <name>__mspabi_cmpd</name>
         <value>0xedb2</value>
         <object_component_ref idref="oc-310"/>
      </symbol>
      <symbol id="sm-5df">
         <name>__mspabi_divd</name>
         <value>0xd944</value>
         <object_component_ref idref="oc-37c"/>
      </symbol>
      <symbol id="sm-5ec">
         <name>__mspabi_fixdi</name>
         <value>0xfa90</value>
         <object_component_ref idref="oc-3d0"/>
      </symbol>
      <symbol id="sm-5fb">
         <name>__mspabi_fixdli</name>
         <value>0xf5e0</value>
         <object_component_ref idref="oc-3b8"/>
      </symbol>
      <symbol id="sm-604">
         <name>__mspabi_fltid</name>
         <value>0xfc44</value>
         <object_component_ref idref="oc-404"/>
      </symbol>
      <symbol id="sm-61b">
         <name>__mspabi_fltlid</name>
         <value>0xf17c</value>
         <object_component_ref idref="oc-3c4"/>
      </symbol>
      <symbol id="sm-63c">
         <name>__TI_frcaddd</name>
         <value>0xd24e</value>
         <object_component_ref idref="oc-452"/>
      </symbol>
      <symbol id="sm-657">
         <name>__TI_frcdivd</name>
         <value>0xc000</value>
         <object_component_ref idref="oc-3e9"/>
      </symbol>
      <symbol id="sm-679">
         <name>__mspabi_mpyd</name>
         <value>0xcfe0</value>
         <object_component_ref idref="oc-376"/>
      </symbol>
      <symbol id="sm-682">
         <name>__mspabi_negd</name>
         <value>0xfa66</value>
         <object_component_ref idref="oc-2f2"/>
      </symbol>
      <symbol id="sm-695">
         <name>__TI_renormd</name>
         <value>0xef52</value>
         <object_component_ref idref="oc-46e"/>
      </symbol>
      <symbol id="sm-69e">
         <name>__mspabi_subd</name>
         <value>0xf9b2</value>
         <object_component_ref idref="oc-3ca"/>
      </symbol>
      <symbol id="sm-6a7">
         <name>copysign</name>
         <value>0xf9e0</value>
         <object_component_ref idref="oc-440"/>
      </symbol>
      <symbol id="sm-6a8">
         <name>copysignl</name>
         <value>0xf9e0</value>
         <object_component_ref idref="oc-440"/>
      </symbol>
      <symbol id="sm-6b8">
         <name>__mspabi_slll_9</name>
         <value>0xf954</value>
         <object_component_ref idref="oc-40f"/>
      </symbol>
      <symbol id="sm-6b9">
         <name>__mspabi_slll_8</name>
         <value>0xf958</value>
         <object_component_ref idref="oc-40f"/>
      </symbol>
      <symbol id="sm-6ba">
         <name>__mspabi_slll_7</name>
         <value>0xf95c</value>
         <object_component_ref idref="oc-40f"/>
      </symbol>
      <symbol id="sm-6bb">
         <name>__mspabi_slll_6</name>
         <value>0xf960</value>
         <object_component_ref idref="oc-40f"/>
      </symbol>
      <symbol id="sm-6bc">
         <name>__mspabi_slll_5</name>
         <value>0xf964</value>
         <object_component_ref idref="oc-40f"/>
      </symbol>
      <symbol id="sm-6bd">
         <name>__mspabi_slll_4</name>
         <value>0xf968</value>
         <object_component_ref idref="oc-40f"/>
      </symbol>
      <symbol id="sm-6be">
         <name>__mspabi_slll_3</name>
         <value>0xf96c</value>
         <object_component_ref idref="oc-40f"/>
      </symbol>
      <symbol id="sm-6bf">
         <name>__mspabi_slll_2</name>
         <value>0xf970</value>
         <object_component_ref idref="oc-40f"/>
      </symbol>
      <symbol id="sm-6c0">
         <name>__mspabi_slll_1</name>
         <value>0xf974</value>
         <object_component_ref idref="oc-40f"/>
      </symbol>
      <symbol id="sm-6c1">
         <name>__mspabi_slll</name>
         <value>0xfc16</value>
         <object_component_ref idref="oc-464"/>
      </symbol>
      <symbol id="sm-6c2">
         <name>__mspabi_slll_15</name>
         <value>0xf93c</value>
         <object_component_ref idref="oc-40f"/>
      </symbol>
      <symbol id="sm-6c3">
         <name>__mspabi_slll_14</name>
         <value>0xf940</value>
         <object_component_ref idref="oc-40f"/>
      </symbol>
      <symbol id="sm-6c4">
         <name>__mspabi_slll_13</name>
         <value>0xf944</value>
         <object_component_ref idref="oc-40f"/>
      </symbol>
      <symbol id="sm-6c5">
         <name>__mspabi_slll_12</name>
         <value>0xf948</value>
         <object_component_ref idref="oc-40f"/>
      </symbol>
      <symbol id="sm-6c6">
         <name>__mspabi_slll_11</name>
         <value>0xf94c</value>
         <object_component_ref idref="oc-40f"/>
      </symbol>
      <symbol id="sm-6c7">
         <name>__mspabi_slll_10</name>
         <value>0xf950</value>
         <object_component_ref idref="oc-40f"/>
      </symbol>
      <symbol id="sm-6d7">
         <name>__mspabi_srll_8</name>
         <value>0xf67c</value>
         <object_component_ref idref="oc-41c"/>
      </symbol>
      <symbol id="sm-6d8">
         <name>__mspabi_srll_9</name>
         <value>0xf676</value>
         <object_component_ref idref="oc-41c"/>
      </symbol>
      <symbol id="sm-6d9">
         <name>__mspabi_srll_6</name>
         <value>0xf688</value>
         <object_component_ref idref="oc-41c"/>
      </symbol>
      <symbol id="sm-6da">
         <name>__mspabi_srll_7</name>
         <value>0xf682</value>
         <object_component_ref idref="oc-41c"/>
      </symbol>
      <symbol id="sm-6db">
         <name>__mspabi_srll_4</name>
         <value>0xf694</value>
         <object_component_ref idref="oc-41c"/>
      </symbol>
      <symbol id="sm-6dc">
         <name>__mspabi_srll_5</name>
         <value>0xf68e</value>
         <object_component_ref idref="oc-41c"/>
      </symbol>
      <symbol id="sm-6dd">
         <name>__mspabi_srll_2</name>
         <value>0xf6a0</value>
         <object_component_ref idref="oc-41c"/>
      </symbol>
      <symbol id="sm-6de">
         <name>__mspabi_srll_3</name>
         <value>0xf69a</value>
         <object_component_ref idref="oc-41c"/>
      </symbol>
      <symbol id="sm-6df">
         <name>__mspabi_srll_1</name>
         <value>0xf6a6</value>
         <object_component_ref idref="oc-41c"/>
      </symbol>
      <symbol id="sm-6e0">
         <name>__mspabi_srll_15</name>
         <value>0xf652</value>
         <object_component_ref idref="oc-41c"/>
      </symbol>
      <symbol id="sm-6e1">
         <name>__mspabi_srll_14</name>
         <value>0xf658</value>
         <object_component_ref idref="oc-41c"/>
      </symbol>
      <symbol id="sm-6e2">
         <name>__mspabi_srll_13</name>
         <value>0xf65e</value>
         <object_component_ref idref="oc-41c"/>
      </symbol>
      <symbol id="sm-6e3">
         <name>__mspabi_srll_12</name>
         <value>0xf664</value>
         <object_component_ref idref="oc-41c"/>
      </symbol>
      <symbol id="sm-6e4">
         <name>__mspabi_srll_11</name>
         <value>0xf66a</value>
         <object_component_ref idref="oc-41c"/>
      </symbol>
      <symbol id="sm-6e5">
         <name>__mspabi_srll_10</name>
         <value>0xf670</value>
         <object_component_ref idref="oc-41c"/>
      </symbol>
      <symbol id="sm-6e6">
         <name>__mspabi_srll</name>
         <value>0xfbe2</value>
         <object_component_ref idref="oc-3ac"/>
      </symbol>
      <symbol id="sm-6f0">
         <name>__mspabi_mpyl_sw</name>
         <value>0xfab8</value>
         <object_component_ref idref="oc-42c"/>
      </symbol>
      <symbol id="sm-6f1">
         <name>__mspabi_mpyl</name>
         <value>0xfab8</value>
         <object_component_ref idref="oc-42c"/>
      </symbol>
      <symbol id="sm-6fe">
         <name>__mspabi_sllll</name>
         <value>0xf838</value>
         <object_component_ref idref="oc-3a6"/>
      </symbol>
      <symbol id="sm-70e">
         <name>__TI_frcmpyd</name>
         <value>0xcd5a</value>
         <object_component_ref idref="oc-3e1"/>
      </symbol>
   </symbol_table>
   <title>Link successful</title>
</link_info>
